Component: ARM Compiler 5.05 (build 41) Tool: armlink [4d0eb9]

==============================================================================

Section Cross References

    main.o(.text) refers to stm32f3xx_hal.o(.text) for HAL_Init
    main.o(.text) refers to stm32f3xx_hal_rcc.o(.text) for HAL_RCC_OscConfig
    main.o(.text) refers to stm32f3348_discovery.o(.text) for BSP_LED_Init
    main.o(.text) refers to stm32f3xx_hal_rtc.o(.text) for HAL_RTC_Init
    main.o(.text) refers to stm32f3xx_hal_rtc_ex.o(.text) for HAL_RTCEx_BKUPRead
    main.o(.text) refers to stm32f3xx_hal_uart.o(.text) for HAL_UART_Init
    main.o(.text) refers to main.o(.constdata) for .constdata
    main.o(.text) refers to main.o(.data) for .data
    main.o(.text) refers to main.o(.bss) for .bss
    stm32f3xx_hal_msp.o(.text) refers to stm32f3xx_hal_gpio.o(.text) for HAL_GPIO_Init
    stm32f3xx_hal_msp.o(.text) refers to stm32f3xx_hal_cortex.o(.text) for HAL_NVIC_SetPriority
    stm32f3xx_it.o(.text) refers to stm32f3xx_hal.o(.text) for HAL_IncTick
    stm32f3xx_it.o(.text) refers to stm32f3xx_hal_uart.o(.text) for HAL_UART_IRQHandler
    stm32f3xx_it.o(.text) refers to main.o(.bss) for UartHandle
    stm32f3xx_hal.o(.text) refers to stm32f3xx_hal_rcc.o(.text) for HAL_RCC_GetHCLKFreq
    stm32f3xx_hal.o(.text) refers to stm32f3xx_hal_cortex.o(.text) for HAL_SYSTICK_Config
    stm32f3xx_hal.o(.text) refers to stm32f3xx_hal.o(.data) for .data
    stm32f3xx_hal_dma.o(.text) refers to stm32f3xx_hal.o(.text) for HAL_GetTick
    stm32f3xx_hal_flash.o(.text) refers to stm32f3xx_hal.o(.text) for HAL_GetTick
    stm32f3xx_hal_flash.o(.text) refers to llushr.o(.text) for __aeabi_llsr
    stm32f3xx_hal_flash.o(.text) refers to stm32f3xx_hal_flash.o(.bss) for .bss
    stm32f3xx_hal_flash_ex.o(.text) refers to stm32f3xx_hal_flash.o(.text) for FLASH_WaitForLastOperation
    stm32f3xx_hal_flash_ex.o(.text) refers to stm32f3xx_hal_flash.o(.bss) for pFlash
    stm32f3xx_hal_i2c.o(.text) refers to stm32f3xx_hal.o(.text) for HAL_GetTick
    stm32f3xx_hal_i2c.o(.text) refers to stm32f3xx_hal_dma.o(.text) for HAL_DMA_Start_IT
    stm32f3xx_hal_msp_template.o(.text) refers to stm32f3xx_hal_pwr.o(.text) for HAL_PWR_EnableBkUpAccess
    stm32f3xx_hal_msp_template.o(.text) refers to stm32f3xx_hal_rcc.o(.text) for HAL_RCC_OscConfig
    stm32f3xx_hal_rcc.o(.text) refers to stm32f3xx_hal.o(.text) for HAL_GetTick
    stm32f3xx_hal_rcc.o(.text) refers to stm32f3xx_hal_gpio.o(.text) for HAL_GPIO_Init
    stm32f3xx_hal_rcc.o(.text) refers to stm32f3xx_hal_rcc.o(.constdata) for .constdata
    stm32f3xx_hal_rcc.o(.text) refers to system_stm32f30x.o(.data) for SystemCoreClock
    stm32f3xx_hal_rcc_ex.o(.text) refers to stm32f3xx_hal.o(.text) for HAL_GetTick
    stm32f3xx_hal_rtc.o(.text) refers to stm32f3xx_hal.o(.text) for HAL_GetTick
    stm32f3xx_hal_rtc.o(.text) refers to stm32f3xx_hal_msp_template.o(.text) for HAL_RTC_MspInit
    stm32f3xx_hal_rtc.o(.text) refers to stm32f3xx_hal_rtc_ex.o(.text) for HAL_RTCEx_AlarmBEventCallback
    stm32f3xx_hal_rtc_ex.o(.text) refers to stm32f3xx_hal_rtc.o(.text) for RTC_Bcd2ToByte
    stm32f3xx_hal_rtc_ex.o(.text) refers to stm32f3xx_hal.o(.text) for HAL_GetTick
    stm32f3xx_hal_spi.o(.text) refers to stm32f3xx_hal.o(.text) for HAL_GetTick
    stm32f3xx_hal_spi.o(.text) refers to stm32f3xx_hal_dma.o(.text) for HAL_DMA_Start_IT
    stm32f3xx_hal_uart.o(.text) refers to stm32f3xx_hal.o(.text) for HAL_GetTick
    stm32f3xx_hal_uart.o(.text) refers to stm32f3xx_hal_rcc.o(.text) for HAL_RCC_GetPCLK1Freq
    stm32f3xx_hal_uart.o(.text) refers to stm32f3xx_hal_msp.o(.text) for HAL_UART_MspInit
    stm32f3xx_hal_uart.o(.text) refers to main.o(.text) for HAL_UART_ErrorCallback
    stm32f3xx_hal_uart.o(.text) refers to stm32f3xx_hal_dma.o(.text) for HAL_DMA_Start_IT
    stm32f3xx_hal_uart_ex.o(.text) refers to stm32f3xx_hal_msp.o(.text) for HAL_UART_MspInit
    stm32f3xx_hal_uart_ex.o(.text) refers to stm32f3xx_hal_uart.o(.text) for UART_SetConfig
    stm32f3348_discovery.o(.text) refers to stm32f3xx_hal_gpio.o(.text) for HAL_GPIO_Init
    stm32f3348_discovery.o(.text) refers to stm32f3xx_hal_cortex.o(.text) for HAL_NVIC_SetPriority
    stm32f3348_discovery.o(.text) refers to stm32f3xx_hal_i2c.o(.text) for HAL_I2C_GetState
    stm32f3348_discovery.o(.text) refers to stm32f3xx_hal_spi.o(.text) for HAL_SPI_GetState
    stm32f3348_discovery.o(.text) refers to stm32f3348_discovery.o(.constdata) for .constdata
    stm32f3348_discovery.o(.text) refers to stm32f3348_discovery.o(.data) for .data
    stm32f3348_discovery.o(.text) refers to stm32f3348_discovery.o(.bss) for .bss
    startup_stm32f30x.o(RESET) refers to startup_stm32f30x.o(STACK) for __initial_sp
    startup_stm32f30x.o(RESET) refers to startup_stm32f30x.o(.text) for Reset_Handler
    startup_stm32f30x.o(RESET) refers to stm32f3xx_it.o(.text) for NMI_Handler
    startup_stm32f30x.o(.text) refers to system_stm32f30x.o(.text) for SystemInit
    startup_stm32f30x.o(.text) refers to entry.o(.ARM.Collect$$$$00000000) for __main
    system_stm32f30x.o(.text) refers to system_stm32f30x.o(.data) for .data
    entry.o(.ARM.Collect$$$$00000000) refers (Special) to entry10a.o(.ARM.Collect$$$$0000000D) for __rt_final_cpp
    entry.o(.ARM.Collect$$$$00000000) refers (Special) to entry11a.o(.ARM.Collect$$$$0000000F) for __rt_final_exit
    entry.o(.ARM.Collect$$$$00000000) refers (Special) to entry7b.o(.ARM.Collect$$$$00000008) for _main_clock
    entry.o(.ARM.Collect$$$$00000000) refers (Special) to entry8b.o(.ARM.Collect$$$$0000000A) for _main_cpp_init
    entry.o(.ARM.Collect$$$$00000000) refers (Special) to entry9a.o(.ARM.Collect$$$$0000000B) for _main_init
    entry.o(.ARM.Collect$$$$00000000) refers (Special) to entry5.o(.ARM.Collect$$$$00000004) for _main_scatterload
    entry.o(.ARM.Collect$$$$00000000) refers (Special) to entry2.o(.ARM.Collect$$$$00000001) for _main_stk
    entry2.o(.ARM.Collect$$$$00000001) refers to entry2.o(.ARM.Collect$$$$00002712) for __lit__00000000
    entry2.o(.ARM.Collect$$$$00002712) refers to startup_stm32f30x.o(STACK) for __initial_sp
    entry2.o(__vectab_stack_and_reset_area) refers to startup_stm32f30x.o(STACK) for __initial_sp
    entry2.o(__vectab_stack_and_reset_area) refers to entry.o(.ARM.Collect$$$$00000000) for __main
    entry5.o(.ARM.Collect$$$$00000004) refers to init.o(.text) for __scatterload
    entry9a.o(.ARM.Collect$$$$0000000B) refers to main.o(.text) for main
    entry9b.o(.ARM.Collect$$$$0000000C) refers to main.o(.text) for main
    init.o(.text) refers to entry5.o(.ARM.Collect$$$$00000004) for __main_after_scatterload


==============================================================================

Removing Unused input sections from the image.

    Removing main.o(.rev16_text), (4 bytes).
    Removing main.o(.revsh_text), (4 bytes).
    Removing main.o(.rrx_text), (6 bytes).
    Removing main.o(.bss), (50 bytes).
    Removing main.o(.bss), (50 bytes).
    Removing stm32f3xx_hal_msp.o(.rev16_text), (4 bytes).
    Removing stm32f3xx_hal_msp.o(.revsh_text), (4 bytes).
    Removing stm32f3xx_hal_msp.o(.rrx_text), (6 bytes).
    Removing stm32f3xx_it.o(.rev16_text), (4 bytes).
    Removing stm32f3xx_it.o(.revsh_text), (4 bytes).
    Removing stm32f3xx_it.o(.rrx_text), (6 bytes).
    Removing stm32f3xx_hal.o(.rev16_text), (4 bytes).
    Removing stm32f3xx_hal.o(.revsh_text), (4 bytes).
    Removing stm32f3xx_hal.o(.rrx_text), (6 bytes).
    Removing stm32f3xx_hal_adc.o(.rev16_text), (4 bytes).
    Removing stm32f3xx_hal_adc.o(.revsh_text), (4 bytes).
    Removing stm32f3xx_hal_adc.o(.rrx_text), (6 bytes).
    Removing stm32f3xx_hal_adc_ex.o(.rev16_text), (4 bytes).
    Removing stm32f3xx_hal_adc_ex.o(.revsh_text), (4 bytes).
    Removing stm32f3xx_hal_adc_ex.o(.rrx_text), (6 bytes).
    Removing stm32f3xx_hal_can.o(.rev16_text), (4 bytes).
    Removing stm32f3xx_hal_can.o(.revsh_text), (4 bytes).
    Removing stm32f3xx_hal_can.o(.rrx_text), (6 bytes).
    Removing stm32f3xx_hal_cec.o(.rev16_text), (4 bytes).
    Removing stm32f3xx_hal_cec.o(.revsh_text), (4 bytes).
    Removing stm32f3xx_hal_cec.o(.rrx_text), (6 bytes).
    Removing stm32f3xx_hal_comp.o(.rev16_text), (4 bytes).
    Removing stm32f3xx_hal_comp.o(.revsh_text), (4 bytes).
    Removing stm32f3xx_hal_comp.o(.rrx_text), (6 bytes).
    Removing stm32f3xx_hal_cortex.o(.rev16_text), (4 bytes).
    Removing stm32f3xx_hal_cortex.o(.revsh_text), (4 bytes).
    Removing stm32f3xx_hal_cortex.o(.rrx_text), (6 bytes).
    Removing stm32f3xx_hal_crc.o(.rev16_text), (4 bytes).
    Removing stm32f3xx_hal_crc.o(.revsh_text), (4 bytes).
    Removing stm32f3xx_hal_crc.o(.rrx_text), (6 bytes).
    Removing stm32f3xx_hal_crc_ex.o(.rev16_text), (4 bytes).
    Removing stm32f3xx_hal_crc_ex.o(.revsh_text), (4 bytes).
    Removing stm32f3xx_hal_crc_ex.o(.rrx_text), (6 bytes).
    Removing stm32f3xx_hal_dac.o(.rev16_text), (4 bytes).
    Removing stm32f3xx_hal_dac.o(.revsh_text), (4 bytes).
    Removing stm32f3xx_hal_dac.o(.rrx_text), (6 bytes).
    Removing stm32f3xx_hal_dac_ex.o(.rev16_text), (4 bytes).
    Removing stm32f3xx_hal_dac_ex.o(.revsh_text), (4 bytes).
    Removing stm32f3xx_hal_dac_ex.o(.rrx_text), (6 bytes).
    Removing stm32f3xx_hal_dma.o(.rev16_text), (4 bytes).
    Removing stm32f3xx_hal_dma.o(.revsh_text), (4 bytes).
    Removing stm32f3xx_hal_dma.o(.rrx_text), (6 bytes).
    Removing stm32f3xx_hal_flash.o(.rev16_text), (4 bytes).
    Removing stm32f3xx_hal_flash.o(.revsh_text), (4 bytes).
    Removing stm32f3xx_hal_flash.o(.rrx_text), (6 bytes).
    Removing stm32f3xx_hal_flash.o(.text), (700 bytes).
    Removing stm32f3xx_hal_flash.o(.bss), (32 bytes).
    Removing stm32f3xx_hal_flash_ex.o(.rev16_text), (4 bytes).
    Removing stm32f3xx_hal_flash_ex.o(.revsh_text), (4 bytes).
    Removing stm32f3xx_hal_flash_ex.o(.rrx_text), (6 bytes).
    Removing stm32f3xx_hal_flash_ex.o(.text), (872 bytes).
    Removing stm32f3xx_hal_gpio.o(.rev16_text), (4 bytes).
    Removing stm32f3xx_hal_gpio.o(.revsh_text), (4 bytes).
    Removing stm32f3xx_hal_gpio.o(.rrx_text), (6 bytes).
    Removing stm32f3xx_hal_hrtim.o(.rev16_text), (4 bytes).
    Removing stm32f3xx_hal_hrtim.o(.revsh_text), (4 bytes).
    Removing stm32f3xx_hal_hrtim.o(.rrx_text), (6 bytes).
    Removing stm32f3xx_hal_i2c.o(.rev16_text), (4 bytes).
    Removing stm32f3xx_hal_i2c.o(.revsh_text), (4 bytes).
    Removing stm32f3xx_hal_i2c.o(.rrx_text), (6 bytes).
    Removing stm32f3xx_hal_i2c_ex.o(.rev16_text), (4 bytes).
    Removing stm32f3xx_hal_i2c_ex.o(.revsh_text), (4 bytes).
    Removing stm32f3xx_hal_i2c_ex.o(.rrx_text), (6 bytes).
    Removing stm32f3xx_hal_i2c_ex.o(.text), (448 bytes).
    Removing stm32f3xx_hal_i2s.o(.rev16_text), (4 bytes).
    Removing stm32f3xx_hal_i2s.o(.revsh_text), (4 bytes).
    Removing stm32f3xx_hal_i2s.o(.rrx_text), (6 bytes).
    Removing stm32f3xx_hal_i2s_ex.o(.rev16_text), (4 bytes).
    Removing stm32f3xx_hal_i2s_ex.o(.revsh_text), (4 bytes).
    Removing stm32f3xx_hal_i2s_ex.o(.rrx_text), (6 bytes).
    Removing stm32f3xx_hal_irda.o(.rev16_text), (4 bytes).
    Removing stm32f3xx_hal_irda.o(.revsh_text), (4 bytes).
    Removing stm32f3xx_hal_irda.o(.rrx_text), (6 bytes).
    Removing stm32f3xx_hal_iwdg.o(.rev16_text), (4 bytes).
    Removing stm32f3xx_hal_iwdg.o(.revsh_text), (4 bytes).
    Removing stm32f3xx_hal_iwdg.o(.rrx_text), (6 bytes).
    Removing stm32f3xx_hal_msp_template.o(.rev16_text), (4 bytes).
    Removing stm32f3xx_hal_msp_template.o(.revsh_text), (4 bytes).
    Removing stm32f3xx_hal_msp_template.o(.rrx_text), (6 bytes).
    Removing stm32f3xx_hal_opamp.o(.rev16_text), (4 bytes).
    Removing stm32f3xx_hal_opamp.o(.revsh_text), (4 bytes).
    Removing stm32f3xx_hal_opamp.o(.rrx_text), (6 bytes).
    Removing stm32f3xx_hal_opamp_ex.o(.rev16_text), (4 bytes).
    Removing stm32f3xx_hal_opamp_ex.o(.revsh_text), (4 bytes).
    Removing stm32f3xx_hal_opamp_ex.o(.rrx_text), (6 bytes).
    Removing stm32f3xx_hal_pcd.o(.rev16_text), (4 bytes).
    Removing stm32f3xx_hal_pcd.o(.revsh_text), (4 bytes).
    Removing stm32f3xx_hal_pcd.o(.rrx_text), (6 bytes).
    Removing stm32f3xx_hal_pcd_ex.o(.rev16_text), (4 bytes).
    Removing stm32f3xx_hal_pcd_ex.o(.revsh_text), (4 bytes).
    Removing stm32f3xx_hal_pcd_ex.o(.rrx_text), (6 bytes).
    Removing stm32f3xx_hal_pwr.o(.rev16_text), (4 bytes).
    Removing stm32f3xx_hal_pwr.o(.revsh_text), (4 bytes).
    Removing stm32f3xx_hal_pwr.o(.rrx_text), (6 bytes).
    Removing stm32f3xx_hal_pwr_ex.o(.rev16_text), (4 bytes).
    Removing stm32f3xx_hal_pwr_ex.o(.revsh_text), (4 bytes).
    Removing stm32f3xx_hal_pwr_ex.o(.rrx_text), (6 bytes).
    Removing stm32f3xx_hal_pwr_ex.o(.text), (164 bytes).
    Removing stm32f3xx_hal_rcc.o(.rev16_text), (4 bytes).
    Removing stm32f3xx_hal_rcc.o(.revsh_text), (4 bytes).
    Removing stm32f3xx_hal_rcc.o(.rrx_text), (6 bytes).
    Removing stm32f3xx_hal_rcc_ex.o(.rev16_text), (4 bytes).
    Removing stm32f3xx_hal_rcc_ex.o(.revsh_text), (4 bytes).
    Removing stm32f3xx_hal_rcc_ex.o(.rrx_text), (6 bytes).
    Removing stm32f3xx_hal_rcc_ex.o(.text), (644 bytes).
    Removing stm32f3xx_hal_rtc.o(.rev16_text), (4 bytes).
    Removing stm32f3xx_hal_rtc.o(.revsh_text), (4 bytes).
    Removing stm32f3xx_hal_rtc.o(.rrx_text), (6 bytes).
    Removing stm32f3xx_hal_rtc_ex.o(.rev16_text), (4 bytes).
    Removing stm32f3xx_hal_rtc_ex.o(.revsh_text), (4 bytes).
    Removing stm32f3xx_hal_rtc_ex.o(.rrx_text), (6 bytes).
    Removing stm32f3xx_hal_sdadc.o(.rev16_text), (4 bytes).
    Removing stm32f3xx_hal_sdadc.o(.revsh_text), (4 bytes).
    Removing stm32f3xx_hal_sdadc.o(.rrx_text), (6 bytes).
    Removing stm32f3xx_hal_smartcard.o(.rev16_text), (4 bytes).
    Removing stm32f3xx_hal_smartcard.o(.revsh_text), (4 bytes).
    Removing stm32f3xx_hal_smartcard.o(.rrx_text), (6 bytes).
    Removing stm32f3xx_hal_smartcard_ex.o(.rev16_text), (4 bytes).
    Removing stm32f3xx_hal_smartcard_ex.o(.revsh_text), (4 bytes).
    Removing stm32f3xx_hal_smartcard_ex.o(.rrx_text), (6 bytes).
    Removing stm32f3xx_hal_smbus.o(.rev16_text), (4 bytes).
    Removing stm32f3xx_hal_smbus.o(.revsh_text), (4 bytes).
    Removing stm32f3xx_hal_smbus.o(.rrx_text), (6 bytes).
    Removing stm32f3xx_hal_spi.o(.rev16_text), (4 bytes).
    Removing stm32f3xx_hal_spi.o(.revsh_text), (4 bytes).
    Removing stm32f3xx_hal_spi.o(.rrx_text), (6 bytes).
    Removing stm32f3xx_hal_tim.o(.rev16_text), (4 bytes).
    Removing stm32f3xx_hal_tim.o(.revsh_text), (4 bytes).
    Removing stm32f3xx_hal_tim.o(.rrx_text), (6 bytes).
    Removing stm32f3xx_hal_tim_ex.o(.rev16_text), (4 bytes).
    Removing stm32f3xx_hal_tim_ex.o(.revsh_text), (4 bytes).
    Removing stm32f3xx_hal_tim_ex.o(.rrx_text), (6 bytes).
    Removing stm32f3xx_hal_tsc.o(.rev16_text), (4 bytes).
    Removing stm32f3xx_hal_tsc.o(.revsh_text), (4 bytes).
    Removing stm32f3xx_hal_tsc.o(.rrx_text), (6 bytes).
    Removing stm32f3xx_hal_uart.o(.rev16_text), (4 bytes).
    Removing stm32f3xx_hal_uart.o(.revsh_text), (4 bytes).
    Removing stm32f3xx_hal_uart.o(.rrx_text), (6 bytes).
    Removing stm32f3xx_hal_uart_ex.o(.rev16_text), (4 bytes).
    Removing stm32f3xx_hal_uart_ex.o(.revsh_text), (4 bytes).
    Removing stm32f3xx_hal_uart_ex.o(.rrx_text), (6 bytes).
    Removing stm32f3xx_hal_uart_ex.o(.text), (376 bytes).
    Removing stm32f3xx_hal_usart.o(.rev16_text), (4 bytes).
    Removing stm32f3xx_hal_usart.o(.revsh_text), (4 bytes).
    Removing stm32f3xx_hal_usart.o(.rrx_text), (6 bytes).
    Removing stm32f3xx_hal_wwdg.o(.rev16_text), (4 bytes).
    Removing stm32f3xx_hal_wwdg.o(.revsh_text), (4 bytes).
    Removing stm32f3xx_hal_wwdg.o(.rrx_text), (6 bytes).
    Removing stm32f3348_discovery.o(.rev16_text), (4 bytes).
    Removing stm32f3348_discovery.o(.revsh_text), (4 bytes).
    Removing stm32f3348_discovery.o(.rrx_text), (6 bytes).
    Removing startup_stm32f30x.o(HEAP), (512 bytes).
    Removing system_stm32f30x.o(.rev16_text), (4 bytes).
    Removing system_stm32f30x.o(.revsh_text), (4 bytes).
    Removing system_stm32f30x.o(.rrx_text), (6 bytes).

160 unused section(s) (total 4548 bytes) removed from the image.

==============================================================================

Image Symbol Table

    Local Symbols

    Symbol Name                              Value     Ov Type        Size  Object(Section)

    ../clib/microlib/init/entry.s            0x00000000   Number         0  entry8b.o ABSOLUTE
    ../clib/microlib/init/entry.s            0x00000000   Number         0  entry9b.o ABSOLUTE
    ../clib/microlib/init/entry.s            0x00000000   Number         0  entry9a.o ABSOLUTE
    ../clib/microlib/init/entry.s            0x00000000   Number         0  entry.o ABSOLUTE
    ../clib/microlib/init/entry.s            0x00000000   Number         0  entry2.o ABSOLUTE
    ../clib/microlib/init/entry.s            0x00000000   Number         0  entry5.o ABSOLUTE
    ../clib/microlib/init/entry.s            0x00000000   Number         0  entry7a.o ABSOLUTE
    ../clib/microlib/init/entry.s            0x00000000   Number         0  entry11b.o ABSOLUTE
    ../clib/microlib/init/entry.s            0x00000000   Number         0  entry11a.o ABSOLUTE
    ../clib/microlib/init/entry.s            0x00000000   Number         0  entry7b.o ABSOLUTE
    ../clib/microlib/init/entry.s            0x00000000   Number         0  entry10b.o ABSOLUTE
    ../clib/microlib/init/entry.s            0x00000000   Number         0  entry8a.o ABSOLUTE
    ../clib/microlib/init/entry.s            0x00000000   Number         0  entry10a.o ABSOLUTE
    ../clib/microlib/longlong.c              0x00000000   Number         0  llushr.o ABSOLUTE
    ..\Drivers\BSP\STM32F3348-Discovery\stm32f3348_discovery.c 0x00000000   Number         0  stm32f3348_discovery.o ABSOLUTE
    ..\Drivers\STM32F3xx_HAL_Driver\Src\stm32f3xx_hal.c 0x00000000   Number         0  stm32f3xx_hal.o ABSOLUTE
    ..\Drivers\STM32F3xx_HAL_Driver\Src\stm32f3xx_hal_adc.c 0x00000000   Number         0  stm32f3xx_hal_adc.o ABSOLUTE
    ..\Drivers\STM32F3xx_HAL_Driver\Src\stm32f3xx_hal_adc_ex.c 0x00000000   Number         0  stm32f3xx_hal_adc_ex.o ABSOLUTE
    ..\Drivers\STM32F3xx_HAL_Driver\Src\stm32f3xx_hal_can.c 0x00000000   Number         0  stm32f3xx_hal_can.o ABSOLUTE
    ..\Drivers\STM32F3xx_HAL_Driver\Src\stm32f3xx_hal_cec.c 0x00000000   Number         0  stm32f3xx_hal_cec.o ABSOLUTE
    ..\Drivers\STM32F3xx_HAL_Driver\Src\stm32f3xx_hal_comp.c 0x00000000   Number         0  stm32f3xx_hal_comp.o ABSOLUTE
    ..\Drivers\STM32F3xx_HAL_Driver\Src\stm32f3xx_hal_cortex.c 0x00000000   Number         0  stm32f3xx_hal_cortex.o ABSOLUTE
    ..\Drivers\STM32F3xx_HAL_Driver\Src\stm32f3xx_hal_crc.c 0x00000000   Number         0  stm32f3xx_hal_crc.o ABSOLUTE
    ..\Drivers\STM32F3xx_HAL_Driver\Src\stm32f3xx_hal_crc_ex.c 0x00000000   Number         0  stm32f3xx_hal_crc_ex.o ABSOLUTE
    ..\Drivers\STM32F3xx_HAL_Driver\Src\stm32f3xx_hal_dac.c 0x00000000   Number         0  stm32f3xx_hal_dac.o ABSOLUTE
    ..\Drivers\STM32F3xx_HAL_Driver\Src\stm32f3xx_hal_dac_ex.c 0x00000000   Number         0  stm32f3xx_hal_dac_ex.o ABSOLUTE
    ..\Drivers\STM32F3xx_HAL_Driver\Src\stm32f3xx_hal_dma.c 0x00000000   Number         0  stm32f3xx_hal_dma.o ABSOLUTE
    ..\Drivers\STM32F3xx_HAL_Driver\Src\stm32f3xx_hal_flash.c 0x00000000   Number         0  stm32f3xx_hal_flash.o ABSOLUTE
    ..\Drivers\STM32F3xx_HAL_Driver\Src\stm32f3xx_hal_flash_ex.c 0x00000000   Number         0  stm32f3xx_hal_flash_ex.o ABSOLUTE
    ..\Drivers\STM32F3xx_HAL_Driver\Src\stm32f3xx_hal_gpio.c 0x00000000   Number         0  stm32f3xx_hal_gpio.o ABSOLUTE
    ..\Drivers\STM32F3xx_HAL_Driver\Src\stm32f3xx_hal_hrtim.c 0x00000000   Number         0  stm32f3xx_hal_hrtim.o ABSOLUTE
    ..\Drivers\STM32F3xx_HAL_Driver\Src\stm32f3xx_hal_i2c.c 0x00000000   Number         0  stm32f3xx_hal_i2c.o ABSOLUTE
    ..\Drivers\STM32F3xx_HAL_Driver\Src\stm32f3xx_hal_i2c_ex.c 0x00000000   Number         0  stm32f3xx_hal_i2c_ex.o ABSOLUTE
    ..\Drivers\STM32F3xx_HAL_Driver\Src\stm32f3xx_hal_i2s.c 0x00000000   Number         0  stm32f3xx_hal_i2s.o ABSOLUTE
    ..\Drivers\STM32F3xx_HAL_Driver\Src\stm32f3xx_hal_i2s_ex.c 0x00000000   Number         0  stm32f3xx_hal_i2s_ex.o ABSOLUTE
    ..\Drivers\STM32F3xx_HAL_Driver\Src\stm32f3xx_hal_irda.c 0x00000000   Number         0  stm32f3xx_hal_irda.o ABSOLUTE
    ..\Drivers\STM32F3xx_HAL_Driver\Src\stm32f3xx_hal_iwdg.c 0x00000000   Number         0  stm32f3xx_hal_iwdg.o ABSOLUTE
    ..\Drivers\STM32F3xx_HAL_Driver\Src\stm32f3xx_hal_msp_template.c 0x00000000   Number         0  stm32f3xx_hal_msp_template.o ABSOLUTE
    ..\Drivers\STM32F3xx_HAL_Driver\Src\stm32f3xx_hal_opamp.c 0x00000000   Number         0  stm32f3xx_hal_opamp.o ABSOLUTE
    ..\Drivers\STM32F3xx_HAL_Driver\Src\stm32f3xx_hal_opamp_ex.c 0x00000000   Number         0  stm32f3xx_hal_opamp_ex.o ABSOLUTE
    ..\Drivers\STM32F3xx_HAL_Driver\Src\stm32f3xx_hal_pcd.c 0x00000000   Number         0  stm32f3xx_hal_pcd.o ABSOLUTE
    ..\Drivers\STM32F3xx_HAL_Driver\Src\stm32f3xx_hal_pcd_ex.c 0x00000000   Number         0  stm32f3xx_hal_pcd_ex.o ABSOLUTE
    ..\Drivers\STM32F3xx_HAL_Driver\Src\stm32f3xx_hal_pwr.c 0x00000000   Number         0  stm32f3xx_hal_pwr.o ABSOLUTE
    ..\Drivers\STM32F3xx_HAL_Driver\Src\stm32f3xx_hal_pwr_ex.c 0x00000000   Number         0  stm32f3xx_hal_pwr_ex.o ABSOLUTE
    ..\Drivers\STM32F3xx_HAL_Driver\Src\stm32f3xx_hal_rcc.c 0x00000000   Number         0  stm32f3xx_hal_rcc.o ABSOLUTE
    ..\Drivers\STM32F3xx_HAL_Driver\Src\stm32f3xx_hal_rcc_ex.c 0x00000000   Number         0  stm32f3xx_hal_rcc_ex.o ABSOLUTE
    ..\Drivers\STM32F3xx_HAL_Driver\Src\stm32f3xx_hal_rtc.c 0x00000000   Number         0  stm32f3xx_hal_rtc.o ABSOLUTE
    ..\Drivers\STM32F3xx_HAL_Driver\Src\stm32f3xx_hal_rtc_ex.c 0x00000000   Number         0  stm32f3xx_hal_rtc_ex.o ABSOLUTE
    ..\Drivers\STM32F3xx_HAL_Driver\Src\stm32f3xx_hal_sdadc.c 0x00000000   Number         0  stm32f3xx_hal_sdadc.o ABSOLUTE
    ..\Drivers\STM32F3xx_HAL_Driver\Src\stm32f3xx_hal_smartcard.c 0x00000000   Number         0  stm32f3xx_hal_smartcard.o ABSOLUTE
    ..\Drivers\STM32F3xx_HAL_Driver\Src\stm32f3xx_hal_smartcard_ex.c 0x00000000   Number         0  stm32f3xx_hal_smartcard_ex.o ABSOLUTE
    ..\Drivers\STM32F3xx_HAL_Driver\Src\stm32f3xx_hal_smbus.c 0x00000000   Number         0  stm32f3xx_hal_smbus.o ABSOLUTE
    ..\Drivers\STM32F3xx_HAL_Driver\Src\stm32f3xx_hal_spi.c 0x00000000   Number         0  stm32f3xx_hal_spi.o ABSOLUTE
    ..\Drivers\STM32F3xx_HAL_Driver\Src\stm32f3xx_hal_tim.c 0x00000000   Number         0  stm32f3xx_hal_tim.o ABSOLUTE
    ..\Drivers\STM32F3xx_HAL_Driver\Src\stm32f3xx_hal_tim_ex.c 0x00000000   Number         0  stm32f3xx_hal_tim_ex.o ABSOLUTE
    ..\Drivers\STM32F3xx_HAL_Driver\Src\stm32f3xx_hal_tsc.c 0x00000000   Number         0  stm32f3xx_hal_tsc.o ABSOLUTE
    ..\Drivers\STM32F3xx_HAL_Driver\Src\stm32f3xx_hal_uart.c 0x00000000   Number         0  stm32f3xx_hal_uart.o ABSOLUTE
    ..\Drivers\STM32F3xx_HAL_Driver\Src\stm32f3xx_hal_uart_ex.c 0x00000000   Number         0  stm32f3xx_hal_uart_ex.o ABSOLUTE
    ..\Drivers\STM32F3xx_HAL_Driver\Src\stm32f3xx_hal_usart.c 0x00000000   Number         0  stm32f3xx_hal_usart.o ABSOLUTE
    ..\Drivers\STM32F3xx_HAL_Driver\Src\stm32f3xx_hal_wwdg.c 0x00000000   Number         0  stm32f3xx_hal_wwdg.o ABSOLUTE
    ..\Src\main.c                            0x00000000   Number         0  main.o ABSOLUTE
    ..\Src\stm32f3xx_hal_msp.c               0x00000000   Number         0  stm32f3xx_hal_msp.o ABSOLUTE
    ..\Src\stm32f3xx_it.c                    0x00000000   Number         0  stm32f3xx_it.o ABSOLUTE
    ..\\Drivers\\BSP\\STM32F3348-Discovery\\stm32f3348_discovery.c 0x00000000   Number         0  stm32f3348_discovery.o ABSOLUTE
    ..\\Drivers\\STM32F3xx_HAL_Driver\\Src\\stm32f3xx_hal.c 0x00000000   Number         0  stm32f3xx_hal.o ABSOLUTE
    ..\\Drivers\\STM32F3xx_HAL_Driver\\Src\\stm32f3xx_hal_adc.c 0x00000000   Number         0  stm32f3xx_hal_adc.o ABSOLUTE
    ..\\Drivers\\STM32F3xx_HAL_Driver\\Src\\stm32f3xx_hal_adc_ex.c 0x00000000   Number         0  stm32f3xx_hal_adc_ex.o ABSOLUTE
    ..\\Drivers\\STM32F3xx_HAL_Driver\\Src\\stm32f3xx_hal_can.c 0x00000000   Number         0  stm32f3xx_hal_can.o ABSOLUTE
    ..\\Drivers\\STM32F3xx_HAL_Driver\\Src\\stm32f3xx_hal_cec.c 0x00000000   Number         0  stm32f3xx_hal_cec.o ABSOLUTE
    ..\\Drivers\\STM32F3xx_HAL_Driver\\Src\\stm32f3xx_hal_comp.c 0x00000000   Number         0  stm32f3xx_hal_comp.o ABSOLUTE
    ..\\Drivers\\STM32F3xx_HAL_Driver\\Src\\stm32f3xx_hal_cortex.c 0x00000000   Number         0  stm32f3xx_hal_cortex.o ABSOLUTE
    ..\\Drivers\\STM32F3xx_HAL_Driver\\Src\\stm32f3xx_hal_crc.c 0x00000000   Number         0  stm32f3xx_hal_crc.o ABSOLUTE
    ..\\Drivers\\STM32F3xx_HAL_Driver\\Src\\stm32f3xx_hal_crc_ex.c 0x00000000   Number         0  stm32f3xx_hal_crc_ex.o ABSOLUTE
    ..\\Drivers\\STM32F3xx_HAL_Driver\\Src\\stm32f3xx_hal_dac.c 0x00000000   Number         0  stm32f3xx_hal_dac.o ABSOLUTE
    ..\\Drivers\\STM32F3xx_HAL_Driver\\Src\\stm32f3xx_hal_dac_ex.c 0x00000000   Number         0  stm32f3xx_hal_dac_ex.o ABSOLUTE
    ..\\Drivers\\STM32F3xx_HAL_Driver\\Src\\stm32f3xx_hal_dma.c 0x00000000   Number         0  stm32f3xx_hal_dma.o ABSOLUTE
    ..\\Drivers\\STM32F3xx_HAL_Driver\\Src\\stm32f3xx_hal_flash.c 0x00000000   Number         0  stm32f3xx_hal_flash.o ABSOLUTE
    ..\\Drivers\\STM32F3xx_HAL_Driver\\Src\\stm32f3xx_hal_flash_ex.c 0x00000000   Number         0  stm32f3xx_hal_flash_ex.o ABSOLUTE
    ..\\Drivers\\STM32F3xx_HAL_Driver\\Src\\stm32f3xx_hal_gpio.c 0x00000000   Number         0  stm32f3xx_hal_gpio.o ABSOLUTE
    ..\\Drivers\\STM32F3xx_HAL_Driver\\Src\\stm32f3xx_hal_hrtim.c 0x00000000   Number         0  stm32f3xx_hal_hrtim.o ABSOLUTE
    ..\\Drivers\\STM32F3xx_HAL_Driver\\Src\\stm32f3xx_hal_i2c.c 0x00000000   Number         0  stm32f3xx_hal_i2c.o ABSOLUTE
    ..\\Drivers\\STM32F3xx_HAL_Driver\\Src\\stm32f3xx_hal_i2c_ex.c 0x00000000   Number         0  stm32f3xx_hal_i2c_ex.o ABSOLUTE
    ..\\Drivers\\STM32F3xx_HAL_Driver\\Src\\stm32f3xx_hal_i2s.c 0x00000000   Number         0  stm32f3xx_hal_i2s.o ABSOLUTE
    ..\\Drivers\\STM32F3xx_HAL_Driver\\Src\\stm32f3xx_hal_i2s_ex.c 0x00000000   Number         0  stm32f3xx_hal_i2s_ex.o ABSOLUTE
    ..\\Drivers\\STM32F3xx_HAL_Driver\\Src\\stm32f3xx_hal_irda.c 0x00000000   Number         0  stm32f3xx_hal_irda.o ABSOLUTE
    ..\\Drivers\\STM32F3xx_HAL_Driver\\Src\\stm32f3xx_hal_iwdg.c 0x00000000   Number         0  stm32f3xx_hal_iwdg.o ABSOLUTE
    ..\\Drivers\\STM32F3xx_HAL_Driver\\Src\\stm32f3xx_hal_msp_template.c 0x00000000   Number         0  stm32f3xx_hal_msp_template.o ABSOLUTE
    ..\\Drivers\\STM32F3xx_HAL_Driver\\Src\\stm32f3xx_hal_opamp.c 0x00000000   Number         0  stm32f3xx_hal_opamp.o ABSOLUTE
    ..\\Drivers\\STM32F3xx_HAL_Driver\\Src\\stm32f3xx_hal_opamp_ex.c 0x00000000   Number         0  stm32f3xx_hal_opamp_ex.o ABSOLUTE
    ..\\Drivers\\STM32F3xx_HAL_Driver\\Src\\stm32f3xx_hal_pcd.c 0x00000000   Number         0  stm32f3xx_hal_pcd.o ABSOLUTE
    ..\\Drivers\\STM32F3xx_HAL_Driver\\Src\\stm32f3xx_hal_pcd_ex.c 0x00000000   Number         0  stm32f3xx_hal_pcd_ex.o ABSOLUTE
    ..\\Drivers\\STM32F3xx_HAL_Driver\\Src\\stm32f3xx_hal_pwr.c 0x00000000   Number         0  stm32f3xx_hal_pwr.o ABSOLUTE
    ..\\Drivers\\STM32F3xx_HAL_Driver\\Src\\stm32f3xx_hal_pwr_ex.c 0x00000000   Number         0  stm32f3xx_hal_pwr_ex.o ABSOLUTE
    ..\\Drivers\\STM32F3xx_HAL_Driver\\Src\\stm32f3xx_hal_rcc.c 0x00000000   Number         0  stm32f3xx_hal_rcc.o ABSOLUTE
    ..\\Drivers\\STM32F3xx_HAL_Driver\\Src\\stm32f3xx_hal_rcc_ex.c 0x00000000   Number         0  stm32f3xx_hal_rcc_ex.o ABSOLUTE
    ..\\Drivers\\STM32F3xx_HAL_Driver\\Src\\stm32f3xx_hal_rtc.c 0x00000000   Number         0  stm32f3xx_hal_rtc.o ABSOLUTE
    ..\\Drivers\\STM32F3xx_HAL_Driver\\Src\\stm32f3xx_hal_rtc_ex.c 0x00000000   Number         0  stm32f3xx_hal_rtc_ex.o ABSOLUTE
    ..\\Drivers\\STM32F3xx_HAL_Driver\\Src\\stm32f3xx_hal_sdadc.c 0x00000000   Number         0  stm32f3xx_hal_sdadc.o ABSOLUTE
    ..\\Drivers\\STM32F3xx_HAL_Driver\\Src\\stm32f3xx_hal_smartcard.c 0x00000000   Number         0  stm32f3xx_hal_smartcard.o ABSOLUTE
    ..\\Drivers\\STM32F3xx_HAL_Driver\\Src\\stm32f3xx_hal_smartcard_ex.c 0x00000000   Number         0  stm32f3xx_hal_smartcard_ex.o ABSOLUTE
    ..\\Drivers\\STM32F3xx_HAL_Driver\\Src\\stm32f3xx_hal_smbus.c 0x00000000   Number         0  stm32f3xx_hal_smbus.o ABSOLUTE
    ..\\Drivers\\STM32F3xx_HAL_Driver\\Src\\stm32f3xx_hal_spi.c 0x00000000   Number         0  stm32f3xx_hal_spi.o ABSOLUTE
    ..\\Drivers\\STM32F3xx_HAL_Driver\\Src\\stm32f3xx_hal_tim.c 0x00000000   Number         0  stm32f3xx_hal_tim.o ABSOLUTE
    ..\\Drivers\\STM32F3xx_HAL_Driver\\Src\\stm32f3xx_hal_tim_ex.c 0x00000000   Number         0  stm32f3xx_hal_tim_ex.o ABSOLUTE
    ..\\Drivers\\STM32F3xx_HAL_Driver\\Src\\stm32f3xx_hal_tsc.c 0x00000000   Number         0  stm32f3xx_hal_tsc.o ABSOLUTE
    ..\\Drivers\\STM32F3xx_HAL_Driver\\Src\\stm32f3xx_hal_uart.c 0x00000000   Number         0  stm32f3xx_hal_uart.o ABSOLUTE
    ..\\Drivers\\STM32F3xx_HAL_Driver\\Src\\stm32f3xx_hal_uart_ex.c 0x00000000   Number         0  stm32f3xx_hal_uart_ex.o ABSOLUTE
    ..\\Drivers\\STM32F3xx_HAL_Driver\\Src\\stm32f3xx_hal_usart.c 0x00000000   Number         0  stm32f3xx_hal_usart.o ABSOLUTE
    ..\\Drivers\\STM32F3xx_HAL_Driver\\Src\\stm32f3xx_hal_wwdg.c 0x00000000   Number         0  stm32f3xx_hal_wwdg.o ABSOLUTE
    ..\\Src\\main.c                          0x00000000   Number         0  main.o ABSOLUTE
    ..\\Src\\stm32f3xx_hal_msp.c             0x00000000   Number         0  stm32f3xx_hal_msp.o ABSOLUTE
    ..\\Src\\stm32f3xx_it.c                  0x00000000   Number         0  stm32f3xx_it.o ABSOLUTE
    RTE\Device\STM32F303VC\startup_stm32f30x.s 0x00000000   Number         0  startup_stm32f30x.o ABSOLUTE
    RTE\Device\STM32F303VC\system_stm32f30x.c 0x00000000   Number         0  system_stm32f30x.o ABSOLUTE
    RTE\\Device\\STM32F303VC\\system_stm32f30x.c 0x00000000   Number         0  system_stm32f30x.o ABSOLUTE
    dc.s                                     0x00000000   Number         0  dc.o ABSOLUTE
    handlers.s                               0x00000000   Number         0  handlers.o ABSOLUTE
    init.s                                   0x00000000   Number         0  init.o ABSOLUTE
    RESET                                    0x08000000   Section      392  startup_stm32f30x.o(RESET)
    .ARM.Collect$$$$00000000                 0x08000188   Section        0  entry.o(.ARM.Collect$$$$00000000)
    .ARM.Collect$$$$00000001                 0x08000188   Section        4  entry2.o(.ARM.Collect$$$$00000001)
    .ARM.Collect$$$$00000004                 0x0800018c   Section        4  entry5.o(.ARM.Collect$$$$00000004)
    .ARM.Collect$$$$00000008                 0x08000190   Section        0  entry7b.o(.ARM.Collect$$$$00000008)
    .ARM.Collect$$$$0000000A                 0x08000190   Section        0  entry8b.o(.ARM.Collect$$$$0000000A)
    .ARM.Collect$$$$0000000B                 0x08000190   Section        8  entry9a.o(.ARM.Collect$$$$0000000B)
    .ARM.Collect$$$$0000000D                 0x08000198   Section        0  entry10a.o(.ARM.Collect$$$$0000000D)
    .ARM.Collect$$$$0000000F                 0x08000198   Section        0  entry11a.o(.ARM.Collect$$$$0000000F)
    .ARM.Collect$$$$00002712                 0x08000198   Section        4  entry2.o(.ARM.Collect$$$$00002712)
    __lit__00000000                          0x08000198   Data           4  entry2.o(.ARM.Collect$$$$00002712)
    .text                                    0x0800019c   Section        0  main.o(.text)
    .text                                    0x080005bc   Section        0  stm32f3xx_hal_msp.o(.text)
    .text                                    0x08000654   Section        0  stm32f3xx_it.o(.text)
    .text                                    0x08000674   Section        0  stm32f3xx_hal.o(.text)
    .text                                    0x0800078c   Section        0  stm32f3xx_hal_cortex.o(.text)
    NVIC_SetPriority                         0x0800093b   Thumb Code    32  stm32f3xx_hal_cortex.o(.text)
    .text                                    0x08000964   Section        0  stm32f3xx_hal_dma.o(.text)
    DMA_SetConfig                            0x0800165b   Thumb Code    30  stm32f3xx_hal_dma.o(.text)
    .text                                    0x08001680   Section        0  stm32f3xx_hal_gpio.o(.text)
    .text                                    0x080018f0   Section        0  stm32f3xx_hal_i2c.o(.text)
    I2C_IsAcknowledgeFailed                  0x080019c7   Thumb Code   152  stm32f3xx_hal_i2c.o(.text)
    I2C_WaitOnSTOPFlagUntilTimeout           0x08001a5f   Thumb Code    78  stm32f3xx_hal_i2c.o(.text)
    I2C_WaitOnFlagUntilTimeout               0x08001aad   Thumb Code   106  stm32f3xx_hal_i2c.o(.text)
    I2C_WaitOnTXISFlagUntilTimeout           0x08001b17   Thumb Code    82  stm32f3xx_hal_i2c.o(.text)
    I2C_DMAError                             0x0800210f   Thumb Code    42  stm32f3xx_hal_i2c.o(.text)
    I2C_DMAMasterTransmitCplt                0x0800213b   Thumb Code   334  stm32f3xx_hal_i2c.o(.text)
    I2C_DMAMasterReceiveCplt                 0x08002351   Thumb Code   352  stm32f3xx_hal_i2c.o(.text)
    I2C_DMASlaveTransmitCplt                 0x08002577   Thumb Code   114  stm32f3xx_hal_i2c.o(.text)
    I2C_DMASlaveReceiveCplt                  0x080026ab   Thumb Code   124  stm32f3xx_hal_i2c.o(.text)
    I2C_RequestMemoryWrite                   0x080027cb   Thumb Code   102  stm32f3xx_hal_i2c.o(.text)
    I2C_RequestMemoryRead                    0x0800293b   Thumb Code   102  stm32f3xx_hal_i2c.o(.text)
    I2C_DMAMemTransmitCplt                   0x08002c09   Thumb Code   332  stm32f3xx_hal_i2c.o(.text)
    I2C_DMAMemReceiveCplt                    0x08002e35   Thumb Code   364  stm32f3xx_hal_i2c.o(.text)
    I2C_MasterReceive_ISR                    0x0800318f   Thumb Code   268  stm32f3xx_hal_i2c.o(.text)
    I2C_MasterTransmit_ISR                   0x0800329b   Thumb Code   268  stm32f3xx_hal_i2c.o(.text)
    I2C_TransferConfig                       0x08003573   Thumb Code    30  stm32f3xx_hal_i2c.o(.text)
    I2C_WaitOnRXNEFlagUntilTimeout           0x08003591   Thumb Code   112  stm32f3xx_hal_i2c.o(.text)
    I2C_SlaveReceive_ISR                     0x08003601   Thumb Code   164  stm32f3xx_hal_i2c.o(.text)
    I2C_SlaveTransmit_ISR                    0x080036a5   Thumb Code   172  stm32f3xx_hal_i2c.o(.text)
    .text                                    0x08003758   Section        0  stm32f3xx_hal_msp_template.o(.text)
    .text                                    0x080037b0   Section        0  stm32f3xx_hal_pwr.o(.text)
    .text                                    0x080038ac   Section        0  stm32f3xx_hal_rcc.o(.text)
    .text                                    0x08004300   Section        0  stm32f3xx_hal_rtc.o(.text)
    .text                                    0x08004c0c   Section        0  stm32f3xx_hal_rtc_ex.o(.text)
    .text                                    0x080055d8   Section        0  stm32f3xx_hal_spi.o(.text)
    SPI_WaitFifoStateUntilTimeout            0x080056c1   Thumb Code   156  stm32f3xx_hal_spi.o(.text)
    SPI_WaitFlagStateUntilTimeout            0x0800575d   Thumb Code   138  stm32f3xx_hal_spi.o(.text)
    SPI_EndRxTxTransaction                   0x080057e7   Thumb Code    66  stm32f3xx_hal_spi.o(.text)
    SPI_EndRxTransaction                     0x08005969   Thumb Code    84  stm32f3xx_hal_spi.o(.text)
    SPI_CloseTx_ISR                          0x08005e6b   Thumb Code    60  stm32f3xx_hal_spi.o(.text)
    SPI_TxISR_8BIT                           0x08005ea7   Thumb Code    46  stm32f3xx_hal_spi.o(.text)
    SPI_TxISR_16BIT                          0x08005ed5   Thumb Code    48  stm32f3xx_hal_spi.o(.text)
    SPI_CloseRx_ISR                          0x08005fa7   Thumb Code    80  stm32f3xx_hal_spi.o(.text)
    SPI_RxISR_8BITCRC                        0x08005ff7   Thumb Code    26  stm32f3xx_hal_spi.o(.text)
    SPI_RxISR_8BIT                           0x08006011   Thumb Code    70  stm32f3xx_hal_spi.o(.text)
    SPI_RxISR_16BITCRC                       0x08006057   Thumb Code    22  stm32f3xx_hal_spi.o(.text)
    SPI_RxISR_16BIT                          0x0800606d   Thumb Code    72  stm32f3xx_hal_spi.o(.text)
    SPI_CloseRxTx_ISR                        0x080060b7   Thumb Code    80  stm32f3xx_hal_spi.o(.text)
    SPI_2linesTxISR_8BIT                     0x08006107   Thumb Code    86  stm32f3xx_hal_spi.o(.text)
    SPI_2linesRxISR_8BITCRC                  0x0800615d   Thumb Code    38  stm32f3xx_hal_spi.o(.text)
    SPI_2linesRxISR_8BIT                     0x08006183   Thumb Code   108  stm32f3xx_hal_spi.o(.text)
    SPI_2linesTxISR_16BIT                    0x080061ef   Thumb Code    66  stm32f3xx_hal_spi.o(.text)
    SPI_2linesRxISR_16BITCRC                 0x08006231   Thumb Code    22  stm32f3xx_hal_spi.o(.text)
    SPI_2linesRxISR_16BIT                    0x08006247   Thumb Code    62  stm32f3xx_hal_spi.o(.text)
    HAL_SPI_DMAError                         0x08006495   Thumb Code    36  stm32f3xx_hal_spi.o(.text)
    HAL_SPI_DMATransmitCplt                  0x080064b9   Thumb Code    94  stm32f3xx_hal_spi.o(.text)
    HAL_SPI_DMAReceiveCplt                   0x0800660b   Thumb Code   190  stm32f3xx_hal_spi.o(.text)
    HAL_SPI_DMATransmitReceiveCplt           0x080066c9   Thumb Code   184  stm32f3xx_hal_spi.o(.text)
    .text                                    0x08006adc   Section        0  stm32f3xx_hal_uart.o(.text)
    UART_DMAError                            0x08007307   Thumb Code    38  stm32f3xx_hal_uart.o(.text)
    UART_DMATxHalfCplt                       0x0800732f   Thumb Code    10  stm32f3xx_hal_uart.o(.text)
    UART_DMATransmitCplt                     0x0800733b   Thumb Code    78  stm32f3xx_hal_uart.o(.text)
    UART_DMARxHalfCplt                       0x08007405   Thumb Code    10  stm32f3xx_hal_uart.o(.text)
    UART_DMAReceiveCplt                      0x08007411   Thumb Code    46  stm32f3xx_hal_uart.o(.text)
    UART_Transmit_IT                         0x080077e1   Thumb Code   152  stm32f3xx_hal_uart.o(.text)
    UART_Receive_IT                          0x08007879   Thumb Code   140  stm32f3xx_hal_uart.o(.text)
    .text                                    0x08007904   Section        0  stm32f3348_discovery.o(.text)
    I2Cx_Init                                0x08007a25   Thumb Code    98  stm32f3348_discovery.o(.text)
    SPIx_Init                                0x08007a87   Thumb Code   126  stm32f3348_discovery.o(.text)
    SPIx_WriteRead                           0x08007b05   Thumb Code    52  stm32f3348_discovery.o(.text)
    I2Cx_Error                               0x08007d29   Thumb Code    14  stm32f3348_discovery.o(.text)
    .text                                    0x08007d3c   Section       36  startup_stm32f30x.o(.text)
    $v0                                      0x08007d3c   Number         0  startup_stm32f30x.o(.text)
    .text                                    0x08007d60   Section        0  system_stm32f30x.o(.text)
    SetSysClock                              0x08007e17   Thumb Code   140  system_stm32f30x.o(.text)
    .text                                    0x08007ec8   Section       36  init.o(.text)
    i.__scatterload_copy                     0x08007eec   Section       14  handlers.o(i.__scatterload_copy)
    i.__scatterload_null                     0x08007efa   Section        2  handlers.o(i.__scatterload_null)
    i.__scatterload_zeroinit                 0x08007efc   Section       14  handlers.o(i.__scatterload_zeroinit)
    .constdata                               0x08007f0a   Section      512  main.o(.constdata)
    crcTable                                 0x08007f0a   Data         512  main.o(.constdata)
    .constdata                               0x0800810a   Section       48  stm32f3xx_hal_rcc.o(.constdata)
    .constdata                               0x0800813a   Section       20  stm32f3348_discovery.o(.constdata)
    .data                                    0x20000000   Section      141  main.o(.data)
    .data                                    0x20000090   Section        4  stm32f3xx_hal.o(.data)
    uwTick                                   0x20000090   Data           4  stm32f3xx_hal.o(.data)
    .data                                    0x20000094   Section       44  stm32f3348_discovery.o(.data)
    .data                                    0x200000c0   Section       20  system_stm32f30x.o(.data)
    .bss                                     0x200000d4   Section      174  main.o(.bss)
    .bss                                     0x20000184   Section      152  stm32f3348_discovery.o(.bss)
    SpiHandle                                0x20000184   Data          96  stm32f3348_discovery.o(.bss)
    I2cHandle                                0x200001e4   Data          56  stm32f3348_discovery.o(.bss)
    STACK                                    0x20000220   Section     1024  startup_stm32f30x.o(STACK)

    Global Symbols

    Symbol Name                              Value     Ov Type        Size  Object(Section)

    BuildAttributes$$THM_ISAv4$E$P$D$K$B$S$7EM$VFPi3$EXTD16$VFPS$VFMA$PE$A:L22UL41UL21$X:L11$S22US41US21$IEEE1$IW$USESV6$~STKCKD$USESV7$~SHL$OSPACE$EBA8$MICROLIB$REQ8$PRES8$EABIv2 0x00000000   Number         0  anon$$obj.o ABSOLUTE
    __ARM_use_no_argv                        0x00000000   Number         0  main.o ABSOLUTE
    __cpp_initialize__aeabi_                  - Undefined Weak Reference
    __cxa_finalize                            - Undefined Weak Reference
    __decompress                              - Undefined Weak Reference
    _clock_init                               - Undefined Weak Reference
    _microlib_exit                            - Undefined Weak Reference
    __Vectors_Size                           0x00000188   Number         0  startup_stm32f30x.o ABSOLUTE
    __Vectors                                0x08000000   Data           4  startup_stm32f30x.o(RESET)
    __Vectors_End                            0x08000188   Data           0  startup_stm32f30x.o(RESET)
    __main                                   0x08000189   Thumb Code     0  entry.o(.ARM.Collect$$$$00000000)
    _main_stk                                0x08000189   Thumb Code     0  entry2.o(.ARM.Collect$$$$00000001)
    _main_scatterload                        0x0800018d   Thumb Code     0  entry5.o(.ARM.Collect$$$$00000004)
    __main_after_scatterload                 0x08000191   Thumb Code     0  entry5.o(.ARM.Collect$$$$00000004)
    _main_clock                              0x08000191   Thumb Code     0  entry7b.o(.ARM.Collect$$$$00000008)
    _main_cpp_init                           0x08000191   Thumb Code     0  entry8b.o(.ARM.Collect$$$$0000000A)
    _main_init                               0x08000191   Thumb Code     0  entry9a.o(.ARM.Collect$$$$0000000B)
    __rt_final_cpp                           0x08000199   Thumb Code     0  entry10a.o(.ARM.Collect$$$$0000000D)
    __rt_final_exit                          0x08000199   Thumb Code     0  entry11a.o(.ARM.Collect$$$$0000000F)
    crc16                                    0x0800019d   Thumb Code    38  main.o(.text)
    delay_us                                 0x080001c3   Thumb Code    16  main.o(.text)
    delay_ms                                 0x080001d3   Thumb Code    24  main.o(.text)
    Uart_Wait                                0x080001eb   Thumb Code    14  main.o(.text)
    main                                     0x080001f9   Thumb Code   902  main.o(.text)
    HAL_UART_TxCpltCallback                  0x0800057f   Thumb Code    42  main.o(.text)
    HAL_UART_RxCpltCallback                  0x080005a9   Thumb Code    10  main.o(.text)
    HAL_UART_ErrorCallback                   0x080005b3   Thumb Code     6  main.o(.text)
    HAL_UART_MspInit                         0x080005bd   Thumb Code    94  stm32f3xx_hal_msp.o(.text)
    HAL_UART_MspDeInit                       0x0800061b   Thumb Code    48  stm32f3xx_hal_msp.o(.text)
    NMI_Handler                              0x08000655   Thumb Code     2  stm32f3xx_it.o(.text)
    HardFault_Handler                        0x08000657   Thumb Code     2  stm32f3xx_it.o(.text)
    MemManage_Handler                        0x08000659   Thumb Code     2  stm32f3xx_it.o(.text)
    BusFault_Handler                         0x0800065b   Thumb Code     2  stm32f3xx_it.o(.text)
    UsageFault_Handler                       0x0800065d   Thumb Code     2  stm32f3xx_it.o(.text)
    SVC_Handler                              0x0800065f   Thumb Code     2  stm32f3xx_it.o(.text)
    DebugMon_Handler                         0x08000661   Thumb Code     2  stm32f3xx_it.o(.text)
    PendSV_Handler                           0x08000663   Thumb Code     2  stm32f3xx_it.o(.text)
    SysTick_Handler                          0x08000665   Thumb Code     4  stm32f3xx_it.o(.text)
    USART1_IRQHandler                        0x08000669   Thumb Code     6  stm32f3xx_it.o(.text)
    HAL_MspInit                              0x08000675   Thumb Code     2  stm32f3xx_hal.o(.text)
    HAL_InitTick                             0x08000677   Thumb Code    34  stm32f3xx_hal.o(.text)
    HAL_Init                                 0x08000699   Thumb Code    32  stm32f3xx_hal.o(.text)
    HAL_MspDeInit                            0x080006b9   Thumb Code     2  stm32f3xx_hal.o(.text)
    HAL_DeInit                               0x080006bb   Thumb Code    30  stm32f3xx_hal.o(.text)
    HAL_IncTick                              0x080006d9   Thumb Code    10  stm32f3xx_hal.o(.text)
    HAL_GetTick                              0x080006e3   Thumb Code     6  stm32f3xx_hal.o(.text)
    HAL_Delay                                0x080006e9   Thumb Code    22  stm32f3xx_hal.o(.text)
    HAL_SuspendTick                          0x080006ff   Thumb Code    14  stm32f3xx_hal.o(.text)
    HAL_ResumeTick                           0x0800070d   Thumb Code    14  stm32f3xx_hal.o(.text)
    HAL_GetHalVersion                        0x0800071b   Thumb Code     6  stm32f3xx_hal.o(.text)
    HAL_GetREVID                             0x08000721   Thumb Code     8  stm32f3xx_hal.o(.text)
    HAL_GetDEVID                             0x08000729   Thumb Code    10  stm32f3xx_hal.o(.text)
    HAL_EnableDBGSleepMode                   0x08000733   Thumb Code    12  stm32f3xx_hal.o(.text)
    HAL_DisableDBGSleepMode                  0x0800073f   Thumb Code    12  stm32f3xx_hal.o(.text)
    HAL_EnableDBGStopMode                    0x0800074b   Thumb Code    12  stm32f3xx_hal.o(.text)
    HAL_DisableDBGStopMode                   0x08000757   Thumb Code    12  stm32f3xx_hal.o(.text)
    HAL_EnableDBGStandbyMode                 0x08000763   Thumb Code    12  stm32f3xx_hal.o(.text)
    HAL_DisableDBGStandbyMode                0x0800076f   Thumb Code    12  stm32f3xx_hal.o(.text)
    HAL_NVIC_SetPriorityGrouping             0x0800078d   Thumb Code    26  stm32f3xx_hal_cortex.o(.text)
    HAL_NVIC_SetPriority                     0x080007a7   Thumb Code    60  stm32f3xx_hal_cortex.o(.text)
    HAL_NVIC_EnableIRQ                       0x080007e3   Thumb Code    22  stm32f3xx_hal_cortex.o(.text)
    HAL_NVIC_DisableIRQ                      0x080007f9   Thumb Code    22  stm32f3xx_hal_cortex.o(.text)
    HAL_NVIC_SystemReset                     0x0800080f   Thumb Code    26  stm32f3xx_hal_cortex.o(.text)
    HAL_SYSTICK_Config                       0x08000829   Thumb Code    40  stm32f3xx_hal_cortex.o(.text)
    HAL_NVIC_GetPriorityGrouping             0x08000851   Thumb Code    10  stm32f3xx_hal_cortex.o(.text)
    HAL_NVIC_GetPriority                     0x0800085b   Thumb Code    82  stm32f3xx_hal_cortex.o(.text)
    HAL_NVIC_SetPendingIRQ                   0x080008ad   Thumb Code    22  stm32f3xx_hal_cortex.o(.text)
    HAL_NVIC_GetPendingIRQ                   0x080008c3   Thumb Code    32  stm32f3xx_hal_cortex.o(.text)
    HAL_NVIC_ClearPendingIRQ                 0x080008e3   Thumb Code    22  stm32f3xx_hal_cortex.o(.text)
    HAL_NVIC_GetActive                       0x080008f9   Thumb Code    32  stm32f3xx_hal_cortex.o(.text)
    HAL_SYSTICK_CLKSourceConfig              0x08000919   Thumb Code    24  stm32f3xx_hal_cortex.o(.text)
    HAL_SYSTICK_Callback                     0x08000931   Thumb Code     2  stm32f3xx_hal_cortex.o(.text)
    HAL_SYSTICK_IRQHandler                   0x08000933   Thumb Code     8  stm32f3xx_hal_cortex.o(.text)
    HAL_DMA_Init                             0x08000965   Thumb Code    68  stm32f3xx_hal_dma.o(.text)
    HAL_DMA_DeInit                           0x080009a9   Thumb Code   672  stm32f3xx_hal_dma.o(.text)
    HAL_DMA_Start                            0x08000c49   Thumb Code    58  stm32f3xx_hal_dma.o(.text)
    HAL_DMA_Start_IT                         0x08000c83   Thumb Code    88  stm32f3xx_hal_dma.o(.text)
    HAL_DMA_Abort                            0x08000cdb   Thumb Code    84  stm32f3xx_hal_dma.o(.text)
    HAL_DMA_PollForTransfer                  0x08000d2f   Thumb Code  1120  stm32f3xx_hal_dma.o(.text)
    HAL_DMA_IRQHandler                       0x0800118f   Thumb Code  1218  stm32f3xx_hal_dma.o(.text)
    HAL_DMA_GetState                         0x08001651   Thumb Code     6  stm32f3xx_hal_dma.o(.text)
    HAL_DMA_GetError                         0x08001657   Thumb Code     4  stm32f3xx_hal_dma.o(.text)
    HAL_GPIO_Init                            0x08001681   Thumb Code   356  stm32f3xx_hal_gpio.o(.text)
    HAL_GPIO_DeInit                          0x080017e5   Thumb Code   150  stm32f3xx_hal_gpio.o(.text)
    HAL_GPIO_ReadPin                         0x0800187b   Thumb Code    10  stm32f3xx_hal_gpio.o(.text)
    HAL_GPIO_WritePin                        0x08001885   Thumb Code    10  stm32f3xx_hal_gpio.o(.text)
    HAL_GPIO_TogglePin                       0x0800188f   Thumb Code     8  stm32f3xx_hal_gpio.o(.text)
    HAL_GPIO_LockPin                         0x08001897   Thumb Code    34  stm32f3xx_hal_gpio.o(.text)
    HAL_GPIO_EXTI_Callback                   0x080018b9   Thumb Code     2  stm32f3xx_hal_gpio.o(.text)
    HAL_GPIO_EXTI_IRQHandler                 0x080018bb   Thumb Code    20  stm32f3xx_hal_gpio.o(.text)
    HAL_I2C_MspInit                          0x080018f1   Thumb Code     2  stm32f3xx_hal_i2c.o(.text)
    HAL_I2C_Init                             0x080018f3   Thumb Code   162  stm32f3xx_hal_i2c.o(.text)
    HAL_I2C_MspDeInit                        0x08001995   Thumb Code     2  stm32f3xx_hal_i2c.o(.text)
    HAL_I2C_DeInit                           0x08001997   Thumb Code    48  stm32f3xx_hal_i2c.o(.text)
    HAL_I2C_Master_Transmit                  0x08001b69   Thumb Code   240  stm32f3xx_hal_i2c.o(.text)
    HAL_I2C_Master_Receive                   0x08001c59   Thumb Code   246  stm32f3xx_hal_i2c.o(.text)
    HAL_I2C_Slave_Transmit                   0x08001d4f   Thumb Code   280  stm32f3xx_hal_i2c.o(.text)
    HAL_I2C_Slave_Receive                    0x08001e67   Thumb Code   238  stm32f3xx_hal_i2c.o(.text)
    HAL_I2C_Master_Transmit_IT               0x08001f55   Thumb Code   136  stm32f3xx_hal_i2c.o(.text)
    HAL_I2C_Master_Receive_IT                0x08001fdd   Thumb Code   136  stm32f3xx_hal_i2c.o(.text)
    HAL_I2C_Slave_Transmit_IT                0x08002065   Thumb Code    84  stm32f3xx_hal_i2c.o(.text)
    HAL_I2C_Slave_Receive_IT                 0x080020b9   Thumb Code    84  stm32f3xx_hal_i2c.o(.text)
    HAL_I2C_ErrorCallback                    0x0800210d   Thumb Code     2  stm32f3xx_hal_i2c.o(.text)
    HAL_I2C_MasterTxCpltCallback             0x08002139   Thumb Code     2  stm32f3xx_hal_i2c.o(.text)
    HAL_I2C_Master_Transmit_DMA              0x08002289   Thumb Code   198  stm32f3xx_hal_i2c.o(.text)
    HAL_I2C_MasterRxCpltCallback             0x0800234f   Thumb Code     2  stm32f3xx_hal_i2c.o(.text)
    HAL_I2C_Master_Receive_DMA               0x080024b1   Thumb Code   196  stm32f3xx_hal_i2c.o(.text)
    HAL_I2C_SlaveTxCpltCallback              0x08002575   Thumb Code     2  stm32f3xx_hal_i2c.o(.text)
    HAL_I2C_Slave_Transmit_DMA               0x080025e9   Thumb Code   192  stm32f3xx_hal_i2c.o(.text)
    HAL_I2C_SlaveRxCpltCallback              0x080026a9   Thumb Code     2  stm32f3xx_hal_i2c.o(.text)
    HAL_I2C_Slave_Receive_DMA                0x08002727   Thumb Code   164  stm32f3xx_hal_i2c.o(.text)
    HAL_I2C_Mem_Write                        0x08002831   Thumb Code   266  stm32f3xx_hal_i2c.o(.text)
    HAL_I2C_Mem_Read                         0x080029a1   Thumb Code   286  stm32f3xx_hal_i2c.o(.text)
    HAL_I2C_Mem_Write_IT                     0x08002abf   Thumb Code   164  stm32f3xx_hal_i2c.o(.text)
    HAL_I2C_Mem_Read_IT                      0x08002b63   Thumb Code   164  stm32f3xx_hal_i2c.o(.text)
    HAL_I2C_MemTxCpltCallback                0x08002c07   Thumb Code     2  stm32f3xx_hal_i2c.o(.text)
    HAL_I2C_Mem_Write_DMA                    0x08002d55   Thumb Code   222  stm32f3xx_hal_i2c.o(.text)
    HAL_I2C_MemRxCpltCallback                0x08002e33   Thumb Code     2  stm32f3xx_hal_i2c.o(.text)
    HAL_I2C_Mem_Read_DMA                     0x08002fa1   Thumb Code   210  stm32f3xx_hal_i2c.o(.text)
    HAL_I2C_IsDeviceReady                    0x08003073   Thumb Code   284  stm32f3xx_hal_i2c.o(.text)
    HAL_I2C_EV_IRQHandler                    0x080033a7   Thumb Code   318  stm32f3xx_hal_i2c.o(.text)
    HAL_I2C_ER_IRQHandler                    0x080034e5   Thumb Code   130  stm32f3xx_hal_i2c.o(.text)
    HAL_I2C_GetState                         0x08003567   Thumb Code     6  stm32f3xx_hal_i2c.o(.text)
    HAL_I2C_GetError                         0x0800356d   Thumb Code     6  stm32f3xx_hal_i2c.o(.text)
    HAL_RTC_MspInit                          0x08003759   Thumb Code    56  stm32f3xx_hal_msp_template.o(.text)
    HAL_RTC_MspDeInit                        0x08003791   Thumb Code    24  stm32f3xx_hal_msp_template.o(.text)
    HAL_PWR_DeInit                           0x080037b1   Thumb Code    20  stm32f3xx_hal_pwr.o(.text)
    HAL_PWR_EnableBkUpAccess                 0x080037c5   Thumb Code    20  stm32f3xx_hal_pwr.o(.text)
    HAL_PWR_DisableBkUpAccess                0x080037d9   Thumb Code    22  stm32f3xx_hal_pwr.o(.text)
    HAL_PWR_EnableWakeUpPin                  0x080037ef   Thumb Code    34  stm32f3xx_hal_pwr.o(.text)
    HAL_PWR_DisableWakeUpPin                 0x08003811   Thumb Code    32  stm32f3xx_hal_pwr.o(.text)
    HAL_PWR_EnterSLEEPMode                   0x08003831   Thumb Code    38  stm32f3xx_hal_pwr.o(.text)
    HAL_PWR_EnterSTOPMode                    0x08003857   Thumb Code    46  stm32f3xx_hal_pwr.o(.text)
    HAL_PWR_EnterSTANDBYMode                 0x08003885   Thumb Code    24  stm32f3xx_hal_pwr.o(.text)
    HAL_RCC_DeInit                           0x080038ad   Thumb Code    46  stm32f3xx_hal_rcc.o(.text)
    HAL_RCC_OscConfig                        0x080038db   Thumb Code  1434  stm32f3xx_hal_rcc.o(.text)
    HAL_RCC_ClockConfig                      0x08003e75   Thumb Code   638  stm32f3xx_hal_rcc.o(.text)
    HAL_RCC_MCOConfig                        0x080040f3   Thumb Code    58  stm32f3xx_hal_rcc.o(.text)
    HAL_RCC_EnableCSS                        0x0800412d   Thumb Code     8  stm32f3xx_hal_rcc.o(.text)
    HAL_RCC_DisableCSS                       0x08004135   Thumb Code     8  stm32f3xx_hal_rcc.o(.text)
    HAL_RCC_GetSysClockFreq                  0x0800413d   Thumb Code    84  stm32f3xx_hal_rcc.o(.text)
    HAL_RCC_GetHCLKFreq                      0x08004191   Thumb Code    40  stm32f3xx_hal_rcc.o(.text)
    HAL_RCC_GetPCLK1Freq                     0x080041b9   Thumb Code    38  stm32f3xx_hal_rcc.o(.text)
    HAL_RCC_GetPCLK2Freq                     0x080041df   Thumb Code    38  stm32f3xx_hal_rcc.o(.text)
    HAL_RCC_GetOscConfig                     0x08004205   Thumb Code   166  stm32f3xx_hal_rcc.o(.text)
    HAL_RCC_GetClockConfig                   0x080042ab   Thumb Code    54  stm32f3xx_hal_rcc.o(.text)
    HAL_RCC_CCSCallback                      0x080042e1   Thumb Code     2  stm32f3xx_hal_rcc.o(.text)
    HAL_RCC_NMI_IRQHandler                   0x080042e3   Thumb Code    20  stm32f3xx_hal_rcc.o(.text)
    RTC_EnterInitMode                        0x08004301   Thumb Code    58  stm32f3xx_hal_rtc.o(.text)
    HAL_RTC_Init                             0x0800433d   Thumb Code   146  stm32f3xx_hal_rtc.o(.text)
    HAL_RTC_WaitForSynchro                   0x080043d1   Thumb Code    54  stm32f3xx_hal_rtc.o(.text)
    HAL_RTC_DeInit                           0x08004407   Thumb Code   206  stm32f3xx_hal_rtc.o(.text)
    RTC_Bcd2ToByte                           0x080044d5   Thumb Code    18  stm32f3xx_hal_rtc.o(.text)
    RTC_ByteToBcd2                           0x080044e7   Thumb Code    22  stm32f3xx_hal_rtc.o(.text)
    HAL_RTC_SetTime                          0x080044fd   Thumb Code   234  stm32f3xx_hal_rtc.o(.text)
    HAL_RTC_GetTime                          0x080045e7   Thumb Code    72  stm32f3xx_hal_rtc.o(.text)
    HAL_RTC_SetDate                          0x0800462f   Thumb Code   202  stm32f3xx_hal_rtc.o(.text)
    HAL_RTC_GetDate                          0x080046f9   Thumb Code    62  stm32f3xx_hal_rtc.o(.text)
    HAL_RTC_SetAlarm                         0x08004737   Thumb Code   374  stm32f3xx_hal_rtc.o(.text)
    HAL_RTC_SetAlarm_IT                      0x080048ad   Thumb Code   396  stm32f3xx_hal_rtc.o(.text)
    HAL_RTC_DeactivateAlarm                  0x08004a39   Thumb Code   178  stm32f3xx_hal_rtc.o(.text)
    HAL_RTC_GetAlarm                         0x08004aeb   Thumb Code   126  stm32f3xx_hal_rtc.o(.text)
    HAL_RTC_AlarmAEventCallback              0x08004b69   Thumb Code     2  stm32f3xx_hal_rtc.o(.text)
    HAL_RTC_AlarmIRQHandler                  0x08004b6b   Thumb Code    88  stm32f3xx_hal_rtc.o(.text)
    HAL_RTC_PollForAlarmAEvent               0x08004bc3   Thumb Code    66  stm32f3xx_hal_rtc.o(.text)
    HAL_RTC_GetState                         0x08004c05   Thumb Code     4  stm32f3xx_hal_rtc.o(.text)
    HAL_RTCEx_SetTimeStamp                   0x08004c0d   Thumb Code    72  stm32f3xx_hal_rtc_ex.o(.text)
    HAL_RTCEx_SetTimeStamp_IT                0x08004c55   Thumb Code   104  stm32f3xx_hal_rtc_ex.o(.text)
    HAL_RTCEx_DeactivateTimeStamp            0x08004cbd   Thumb Code    70  stm32f3xx_hal_rtc_ex.o(.text)
    HAL_RTCEx_GetTimeStamp                   0x08004d03   Thumb Code   146  stm32f3xx_hal_rtc_ex.o(.text)
    HAL_RTCEx_SetTamper                      0x08004d95   Thumb Code    96  stm32f3xx_hal_rtc_ex.o(.text)
    HAL_RTCEx_SetTamper_IT                   0x08004df5   Thumb Code   126  stm32f3xx_hal_rtc_ex.o(.text)
    HAL_RTCEx_DeactivateTamper               0x08004e73   Thumb Code    38  stm32f3xx_hal_rtc_ex.o(.text)
    HAL_RTCEx_Tamper3EventCallback           0x08004e99   Thumb Code     2  stm32f3xx_hal_rtc_ex.o(.text)
    HAL_RTCEx_Tamper2EventCallback           0x08004e9b   Thumb Code     2  stm32f3xx_hal_rtc_ex.o(.text)
    HAL_RTCEx_Tamper1EventCallback           0x08004e9d   Thumb Code     2  stm32f3xx_hal_rtc_ex.o(.text)
    HAL_RTCEx_TimeStampEventCallback         0x08004e9f   Thumb Code     2  stm32f3xx_hal_rtc_ex.o(.text)
    HAL_RTCEx_TamperTimeStampIRQHandler      0x08004ea1   Thumb Code   158  stm32f3xx_hal_rtc_ex.o(.text)
    HAL_RTCEx_PollForTimeStampEvent          0x08004f3f   Thumb Code    78  stm32f3xx_hal_rtc_ex.o(.text)
    HAL_RTCEx_PollForTamper1Event            0x08004f8d   Thumb Code    66  stm32f3xx_hal_rtc_ex.o(.text)
    HAL_RTCEx_PollForTamper2Event            0x08004fcf   Thumb Code    66  stm32f3xx_hal_rtc_ex.o(.text)
    HAL_RTCEx_PollForTamper3Event            0x08005011   Thumb Code    68  stm32f3xx_hal_rtc_ex.o(.text)
    HAL_RTCEx_SetWakeUpTimer                 0x08005055   Thumb Code   162  stm32f3xx_hal_rtc_ex.o(.text)
    HAL_RTCEx_SetWakeUpTimer_IT              0x080050f7   Thumb Code   184  stm32f3xx_hal_rtc_ex.o(.text)
    HAL_RTCEx_DeactivateWakeUpTimer          0x080051af   Thumb Code   124  stm32f3xx_hal_rtc_ex.o(.text)
    HAL_RTCEx_GetWakeUpTimer                 0x0800522b   Thumb Code     8  stm32f3xx_hal_rtc_ex.o(.text)
    HAL_RTCEx_WakeUpTimerEventCallback       0x08005233   Thumb Code     2  stm32f3xx_hal_rtc_ex.o(.text)
    HAL_RTCEx_WakeUpTimerIRQHandler          0x08005235   Thumb Code    54  stm32f3xx_hal_rtc_ex.o(.text)
    HAL_RTCEx_PollForWakeUpTimerEvent        0x0800526b   Thumb Code    66  stm32f3xx_hal_rtc_ex.o(.text)
    HAL_RTCEx_BKUPWrite                      0x080052ad   Thumb Code    10  stm32f3xx_hal_rtc_ex.o(.text)
    HAL_RTCEx_BKUPRead                       0x080052b7   Thumb Code    10  stm32f3xx_hal_rtc_ex.o(.text)
    HAL_RTCEx_SetSmoothCalib                 0x080052c1   Thumb Code   130  stm32f3xx_hal_rtc_ex.o(.text)
    HAL_RTCEx_SetSynchroShift                0x08005343   Thumb Code   152  stm32f3xx_hal_rtc_ex.o(.text)
    HAL_RTCEx_SetCalibrationOutPut           0x080053db   Thumb Code    76  stm32f3xx_hal_rtc_ex.o(.text)
    HAL_RTCEx_DeactivateCalibrationOutPut    0x08005427   Thumb Code    56  stm32f3xx_hal_rtc_ex.o(.text)
    HAL_RTCEx_SetRefClock                    0x0800545f   Thumb Code    96  stm32f3xx_hal_rtc_ex.o(.text)
    HAL_RTCEx_DeactivateRefClock             0x080054bf   Thumb Code    96  stm32f3xx_hal_rtc_ex.o(.text)
    HAL_RTCEx_EnableBypassShadow             0x0800551f   Thumb Code    62  stm32f3xx_hal_rtc_ex.o(.text)
    HAL_RTCEx_DisableBypassShadow            0x0800555d   Thumb Code    56  stm32f3xx_hal_rtc_ex.o(.text)
    HAL_RTCEx_AlarmBEventCallback            0x08005595   Thumb Code     2  stm32f3xx_hal_rtc_ex.o(.text)
    HAL_RTCEx_PollForAlarmBEvent             0x08005597   Thumb Code    66  stm32f3xx_hal_rtc_ex.o(.text)
    HAL_SPI_MspInit                          0x080055d9   Thumb Code     2  stm32f3xx_hal_spi.o(.text)
    HAL_SPI_Init                             0x080055db   Thumb Code   180  stm32f3xx_hal_spi.o(.text)
    HAL_SPI_MspDeInit                        0x0800568f   Thumb Code     2  stm32f3xx_hal_spi.o(.text)
    HAL_SPI_DeInit                           0x08005691   Thumb Code    48  stm32f3xx_hal_spi.o(.text)
    HAL_SPI_Transmit                         0x08005829   Thumb Code   320  stm32f3xx_hal_spi.o(.text)
    HAL_SPI_TransmitReceive                  0x080059bd   Thumb Code   666  stm32f3xx_hal_spi.o(.text)
    HAL_SPI_Receive                          0x08005c57   Thumb Code   528  stm32f3xx_hal_spi.o(.text)
    HAL_SPI_TxCpltCallback                   0x08005e67   Thumb Code     2  stm32f3xx_hal_spi.o(.text)
    HAL_SPI_ErrorCallback                    0x08005e69   Thumb Code     2  stm32f3xx_hal_spi.o(.text)
    HAL_SPI_Transmit_IT                      0x08005f05   Thumb Code   160  stm32f3xx_hal_spi.o(.text)
    HAL_SPI_RxCpltCallback                   0x08005fa5   Thumb Code     2  stm32f3xx_hal_spi.o(.text)
    HAL_SPI_TxRxCpltCallback                 0x080060b5   Thumb Code     2  stm32f3xx_hal_spi.o(.text)
    HAL_SPI_TransmitReceive_IT               0x08006285   Thumb Code   282  stm32f3xx_hal_spi.o(.text)
    HAL_SPI_Receive_IT                       0x0800639f   Thumb Code   246  stm32f3xx_hal_spi.o(.text)
    HAL_SPI_Transmit_DMA                     0x08006517   Thumb Code   244  stm32f3xx_hal_spi.o(.text)
    HAL_SPI_TransmitReceive_DMA              0x08006781   Thumb Code   412  stm32f3xx_hal_spi.o(.text)
    HAL_SPI_Receive_DMA                      0x0800691d   Thumb Code   264  stm32f3xx_hal_spi.o(.text)
    HAL_SPI_IRQHandler                       0x08006a25   Thumb Code   164  stm32f3xx_hal_spi.o(.text)
    HAL_SPI_GetState                         0x08006ac9   Thumb Code     6  stm32f3xx_hal_spi.o(.text)
    UART_WaitOnFlagUntilTimeout              0x08006add   Thumb Code   146  stm32f3xx_hal_uart.o(.text)
    UART_CheckIdleState                      0x08006b6f   Thumb Code    80  stm32f3xx_hal_uart.o(.text)
    UART_AdvFeatureConfig                    0x08006bbf   Thumb Code   200  stm32f3xx_hal_uart.o(.text)
    UART_SetConfig                           0x08006c87   Thumb Code   424  stm32f3xx_hal_uart.o(.text)
    HAL_UART_Init                            0x08006e31   Thumb Code    98  stm32f3xx_hal_uart.o(.text)
    HAL_HalfDuplex_Init                      0x08006e93   Thumb Code   108  stm32f3xx_hal_uart.o(.text)
    HAL_LIN_Init                             0x08006eff   Thumb Code   130  stm32f3xx_hal_uart.o(.text)
    HAL_MultiProcessor_Init                  0x08006f81   Thumb Code   130  stm32f3xx_hal_uart.o(.text)
    HAL_UART_DeInit                          0x08007005   Thumb Code    62  stm32f3xx_hal_uart.o(.text)
    HAL_UART_Transmit                        0x08007043   Thumb Code   226  stm32f3xx_hal_uart.o(.text)
    HAL_UART_Receive                         0x08007125   Thumb Code   232  stm32f3xx_hal_uart.o(.text)
    HAL_UART_Transmit_IT                     0x0800720d   Thumb Code   100  stm32f3xx_hal_uart.o(.text)
    HAL_UART_Receive_IT                      0x08007271   Thumb Code   148  stm32f3xx_hal_uart.o(.text)
    HAL_UART_TxHalfCpltCallback              0x0800732d   Thumb Code     2  stm32f3xx_hal_uart.o(.text)
    HAL_UART_Transmit_DMA                    0x08007389   Thumb Code   122  stm32f3xx_hal_uart.o(.text)
    HAL_UART_RxHalfCpltCallback              0x08007403   Thumb Code     2  stm32f3xx_hal_uart.o(.text)
    HAL_UART_Receive_DMA                     0x0800743f   Thumb Code   126  stm32f3xx_hal_uart.o(.text)
    HAL_UART_DMAPause                        0x080074bd   Thumb Code    78  stm32f3xx_hal_uart.o(.text)
    HAL_UART_DMAResume                       0x0800750b   Thumb Code    90  stm32f3xx_hal_uart.o(.text)
    HAL_UART_DMAStop                         0x08007565   Thumb Code    80  stm32f3xx_hal_uart.o(.text)
    HAL_UART_WakeupCallback                  0x080075b5   Thumb Code     2  stm32f3xx_hal_uart.o(.text)
    HAL_UART_IRQHandler                      0x080075b7   Thumb Code   240  stm32f3xx_hal_uart.o(.text)
    HAL_MultiProcessor_EnableMuteMode        0x080076a7   Thumb Code    42  stm32f3xx_hal_uart.o(.text)
    HAL_MultiProcessor_DisableMuteMode       0x080076d1   Thumb Code    42  stm32f3xx_hal_uart.o(.text)
    HAL_MultiProcessor_EnterMuteMode         0x080076fb   Thumb Code    12  stm32f3xx_hal_uart.o(.text)
    HAL_UART_GetState                        0x08007707   Thumb Code     6  stm32f3xx_hal_uart.o(.text)
    HAL_UART_GetError                        0x0800770d   Thumb Code     6  stm32f3xx_hal_uart.o(.text)
    UART_Wakeup_AddressConfig                0x08007713   Thumb Code    30  stm32f3xx_hal_uart.o(.text)
    HAL_HalfDuplex_EnableTransmitter         0x08007731   Thumb Code    56  stm32f3xx_hal_uart.o(.text)
    HAL_HalfDuplex_EnableReceiver            0x08007769   Thumb Code    76  stm32f3xx_hal_uart.o(.text)
    HAL_LIN_SendBreak                        0x080077b5   Thumb Code    44  stm32f3xx_hal_uart.o(.text)
    BSP_GetVersion                           0x08007905   Thumb Code     4  stm32f3348_discovery.o(.text)
    BSP_LED_Init                             0x08007909   Thumb Code    94  stm32f3348_discovery.o(.text)
    BSP_LED_On                               0x08007967   Thumb Code    18  stm32f3348_discovery.o(.text)
    BSP_LED_Off                              0x08007979   Thumb Code    18  stm32f3348_discovery.o(.text)
    BSP_LED_Toggle                           0x0800798b   Thumb Code    16  stm32f3348_discovery.o(.text)
    BSP_PB_Init                              0x0800799b   Thumb Code   118  stm32f3348_discovery.o(.text)
    BSP_PB_GetState                          0x08007a11   Thumb Code    20  stm32f3348_discovery.o(.text)
    GYRO_IO_Init                             0x08007b39   Thumb Code    84  stm32f3348_discovery.o(.text)
    GYRO_IO_Write                            0x08007b8d   Thumb Code    68  stm32f3348_discovery.o(.text)
    GYRO_IO_Read                             0x08007bd1   Thumb Code    74  stm32f3348_discovery.o(.text)
    COMPASSACCELERO_IO_Init                  0x08007c1b   Thumb Code    86  stm32f3348_discovery.o(.text)
    COMPASSACCELERO_IO_ITConfig              0x08007c71   Thumb Code    56  stm32f3348_discovery.o(.text)
    COMPASSACCELERO_IO_Write                 0x08007ca9   Thumb Code    42  stm32f3348_discovery.o(.text)
    COMPASSACCELERO_IO_Read                  0x08007cd3   Thumb Code    86  stm32f3348_discovery.o(.text)
    Reset_Handler                            0x08007d3d   Thumb Code     8  startup_stm32f30x.o(.text)
    ADC1_2_IRQHandler                        0x08007d57   Thumb Code     0  startup_stm32f30x.o(.text)
    ADC3_IRQHandler                          0x08007d57   Thumb Code     0  startup_stm32f30x.o(.text)
    ADC4_IRQHandler                          0x08007d57   Thumb Code     0  startup_stm32f30x.o(.text)
    CAN1_RX1_IRQHandler                      0x08007d57   Thumb Code     0  startup_stm32f30x.o(.text)
    CAN1_SCE_IRQHandler                      0x08007d57   Thumb Code     0  startup_stm32f30x.o(.text)
    COMP1_2_3_IRQHandler                     0x08007d57   Thumb Code     0  startup_stm32f30x.o(.text)
    COMP4_5_6_IRQHandler                     0x08007d57   Thumb Code     0  startup_stm32f30x.o(.text)
    COMP7_IRQHandler                         0x08007d57   Thumb Code     0  startup_stm32f30x.o(.text)
    DMA1_Channel1_IRQHandler                 0x08007d57   Thumb Code     0  startup_stm32f30x.o(.text)
    DMA1_Channel2_IRQHandler                 0x08007d57   Thumb Code     0  startup_stm32f30x.o(.text)
    DMA1_Channel3_IRQHandler                 0x08007d57   Thumb Code     0  startup_stm32f30x.o(.text)
    DMA1_Channel4_IRQHandler                 0x08007d57   Thumb Code     0  startup_stm32f30x.o(.text)
    DMA1_Channel5_IRQHandler                 0x08007d57   Thumb Code     0  startup_stm32f30x.o(.text)
    DMA1_Channel6_IRQHandler                 0x08007d57   Thumb Code     0  startup_stm32f30x.o(.text)
    DMA1_Channel7_IRQHandler                 0x08007d57   Thumb Code     0  startup_stm32f30x.o(.text)
    DMA2_Channel1_IRQHandler                 0x08007d57   Thumb Code     0  startup_stm32f30x.o(.text)
    DMA2_Channel2_IRQHandler                 0x08007d57   Thumb Code     0  startup_stm32f30x.o(.text)
    DMA2_Channel3_IRQHandler                 0x08007d57   Thumb Code     0  startup_stm32f30x.o(.text)
    DMA2_Channel4_IRQHandler                 0x08007d57   Thumb Code     0  startup_stm32f30x.o(.text)
    DMA2_Channel5_IRQHandler                 0x08007d57   Thumb Code     0  startup_stm32f30x.o(.text)
    EXTI0_IRQHandler                         0x08007d57   Thumb Code     0  startup_stm32f30x.o(.text)
    EXTI15_10_IRQHandler                     0x08007d57   Thumb Code     0  startup_stm32f30x.o(.text)
    EXTI1_IRQHandler                         0x08007d57   Thumb Code     0  startup_stm32f30x.o(.text)
    EXTI2_TS_IRQHandler                      0x08007d57   Thumb Code     0  startup_stm32f30x.o(.text)
    EXTI3_IRQHandler                         0x08007d57   Thumb Code     0  startup_stm32f30x.o(.text)
    EXTI4_IRQHandler                         0x08007d57   Thumb Code     0  startup_stm32f30x.o(.text)
    EXTI9_5_IRQHandler                       0x08007d57   Thumb Code     0  startup_stm32f30x.o(.text)
    FLASH_IRQHandler                         0x08007d57   Thumb Code     0  startup_stm32f30x.o(.text)
    FPU_IRQHandler                           0x08007d57   Thumb Code     0  startup_stm32f30x.o(.text)
    I2C1_ER_IRQHandler                       0x08007d57   Thumb Code     0  startup_stm32f30x.o(.text)
    I2C1_EV_IRQHandler                       0x08007d57   Thumb Code     0  startup_stm32f30x.o(.text)
    I2C2_ER_IRQHandler                       0x08007d57   Thumb Code     0  startup_stm32f30x.o(.text)
    I2C2_EV_IRQHandler                       0x08007d57   Thumb Code     0  startup_stm32f30x.o(.text)
    PVD_IRQHandler                           0x08007d57   Thumb Code     0  startup_stm32f30x.o(.text)
    RCC_IRQHandler                           0x08007d57   Thumb Code     0  startup_stm32f30x.o(.text)
    RTC_Alarm_IRQHandler                     0x08007d57   Thumb Code     0  startup_stm32f30x.o(.text)
    RTC_WKUP_IRQHandler                      0x08007d57   Thumb Code     0  startup_stm32f30x.o(.text)
    SPI1_IRQHandler                          0x08007d57   Thumb Code     0  startup_stm32f30x.o(.text)
    SPI2_IRQHandler                          0x08007d57   Thumb Code     0  startup_stm32f30x.o(.text)
    SPI3_IRQHandler                          0x08007d57   Thumb Code     0  startup_stm32f30x.o(.text)
    TAMPER_STAMP_IRQHandler                  0x08007d57   Thumb Code     0  startup_stm32f30x.o(.text)
    TIM1_BRK_TIM15_IRQHandler                0x08007d57   Thumb Code     0  startup_stm32f30x.o(.text)
    TIM1_CC_IRQHandler                       0x08007d57   Thumb Code     0  startup_stm32f30x.o(.text)
    TIM1_TRG_COM_TIM17_IRQHandler            0x08007d57   Thumb Code     0  startup_stm32f30x.o(.text)
    TIM1_UP_TIM16_IRQHandler                 0x08007d57   Thumb Code     0  startup_stm32f30x.o(.text)
    TIM2_IRQHandler                          0x08007d57   Thumb Code     0  startup_stm32f30x.o(.text)
    TIM3_IRQHandler                          0x08007d57   Thumb Code     0  startup_stm32f30x.o(.text)
    TIM4_IRQHandler                          0x08007d57   Thumb Code     0  startup_stm32f30x.o(.text)
    TIM6_DAC_IRQHandler                      0x08007d57   Thumb Code     0  startup_stm32f30x.o(.text)
    TIM7_IRQHandler                          0x08007d57   Thumb Code     0  startup_stm32f30x.o(.text)
    TIM8_BRK_IRQHandler                      0x08007d57   Thumb Code     0  startup_stm32f30x.o(.text)
    TIM8_CC_IRQHandler                       0x08007d57   Thumb Code     0  startup_stm32f30x.o(.text)
    TIM8_TRG_COM_IRQHandler                  0x08007d57   Thumb Code     0  startup_stm32f30x.o(.text)
    TIM8_UP_IRQHandler                       0x08007d57   Thumb Code     0  startup_stm32f30x.o(.text)
    UART4_IRQHandler                         0x08007d57   Thumb Code     0  startup_stm32f30x.o(.text)
    UART5_IRQHandler                         0x08007d57   Thumb Code     0  startup_stm32f30x.o(.text)
    USART2_IRQHandler                        0x08007d57   Thumb Code     0  startup_stm32f30x.o(.text)
    USART3_IRQHandler                        0x08007d57   Thumb Code     0  startup_stm32f30x.o(.text)
    USBWakeUp_IRQHandler                     0x08007d57   Thumb Code     0  startup_stm32f30x.o(.text)
    USBWakeUp_RMP_IRQHandler                 0x08007d57   Thumb Code     0  startup_stm32f30x.o(.text)
    USB_HP_CAN1_TX_IRQHandler                0x08007d57   Thumb Code     0  startup_stm32f30x.o(.text)
    USB_HP_IRQHandler                        0x08007d57   Thumb Code     0  startup_stm32f30x.o(.text)
    USB_LP_CAN1_RX0_IRQHandler               0x08007d57   Thumb Code     0  startup_stm32f30x.o(.text)
    USB_LP_IRQHandler                        0x08007d57   Thumb Code     0  startup_stm32f30x.o(.text)
    WWDG_IRQHandler                          0x08007d57   Thumb Code     0  startup_stm32f30x.o(.text)
    SystemInit                               0x08007d61   Thumb Code    90  system_stm32f30x.o(.text)
    SystemCoreClockUpdate                    0x08007dbb   Thumb Code    92  system_stm32f30x.o(.text)
    __scatterload                            0x08007ec9   Thumb Code    28  init.o(.text)
    __scatterload_rt2                        0x08007ec9   Thumb Code     0  init.o(.text)
    __scatterload_copy                       0x08007eed   Thumb Code    14  handlers.o(i.__scatterload_copy)
    __scatterload_null                       0x08007efb   Thumb Code     2  handlers.o(i.__scatterload_null)
    __scatterload_zeroinit                   0x08007efd   Thumb Code    14  handlers.o(i.__scatterload_zeroinit)
    APBAHBPrescTable                         0x0800810a   Data          16  stm32f3xx_hal_rcc.o(.constdata)
    PLLMULFactorTable                        0x0800811a   Data          16  stm32f3xx_hal_rcc.o(.constdata)
    PredivFactorTable                        0x0800812a   Data          16  stm32f3xx_hal_rcc.o(.constdata)
    BUTTON_IRQn                              0x0800813a   Data           1  stm32f3348_discovery.o(.constdata)
    BUTTON_PIN                               0x0800813c   Data           2  stm32f3348_discovery.o(.constdata)
    LED_PIN                                  0x0800813e   Data          16  stm32f3348_discovery.o(.constdata)
    Region$$Table$$Base                      0x08008150   Number         0  anon$$obj.o(Region$$Table)
    Region$$Table$$Limit                     0x08008170   Number         0  anon$$obj.o(Region$$Table)
    UartReady                                0x20000000   Data           1  main.o(.data)
    aTxBuffer6                               0x20000001   Data           1  main.o(.data)
    Version                                  0x20000002   Data           2  main.o(.data)
    MessageType                              0x20000004   Data           2  main.o(.data)
    DataType                                 0x20000006   Data           2  main.o(.data)
    SystolicPressure                         0x20000008   Data           2  main.o(.data)
    DiastolicPressure                        0x2000000a   Data           2  main.o(.data)
    Pulse                                    0x2000000c   Data           2  main.o(.data)
    CRC_calc                                 0x2000000e   Data           2  main.o(.data)
    TransmitterID                            0x20000010   Data           4  main.o(.data)
    DeltaTime                                0x20000014   Data           4  main.o(.data)
    aMeasBuffer                              0x20000018   Data           6  main.o(.data)
    aTxBuffer0                               0x2000001e   Data          19  main.o(.data)
    aTxBuffer                                0x20000031   Data           9  main.o(.data)
    aTxBuffer2                               0x2000003a   Data           9  main.o(.data)
    aTxBuffer3                               0x20000043   Data          42  main.o(.data)
    aTxBuffer4                               0x2000006d   Data          11  main.o(.data)
    aTxBuffer5                               0x20000078   Data          10  main.o(.data)
    aTxBuffer7                               0x20000082   Data          11  main.o(.data)
    BUTTON_PORT                              0x20000094   Data           4  stm32f3348_discovery.o(.data)
    SpixTimeout                              0x20000098   Data           4  stm32f3348_discovery.o(.data)
    I2cxTimeout                              0x2000009c   Data           4  stm32f3348_discovery.o(.data)
    LED_PORT                                 0x200000a0   Data          32  stm32f3348_discovery.o(.data)
    SystemCoreClock                          0x200000c0   Data           4  system_stm32f30x.o(.data)
    AHBPrescTable                            0x200000c4   Data          16  system_stm32f30x.o(.data)
    RtcHandle                                0x200000d4   Data          32  main.o(.bss)
    UartHandle                               0x200000f4   Data         108  main.o(.bss)
    aRxBuffer                                0x20000160   Data          12  main.o(.bss)
    aTCP_Buffer                              0x2000016c   Data          22  main.o(.bss)
    __initial_sp                             0x20000620   Data           0  startup_stm32f30x.o(STACK)



==============================================================================

Memory Map of the image

  Image Entry point : 0x08000189

  Load Region LR_IROM1 (Base: 0x08000000, Size: 0x00008244, Max: 0x00040000, ABSOLUTE)

    Execution Region ER_IROM1 (Base: 0x08000000, Size: 0x00008170, Max: 0x00040000, ABSOLUTE)

    Base Addr    Size         Type   Attr      Idx    E Section Name        Object

    0x08000000   0x00000188   Data   RO         1148    RESET               startup_stm32f30x.o
    0x08000188   0x00000000   Code   RO         1190  * .ARM.Collect$$$$00000000  mc_w.l(entry.o)
    0x08000188   0x00000004   Code   RO         1195    .ARM.Collect$$$$00000001  mc_w.l(entry2.o)
    0x0800018c   0x00000004   Code   RO         1198    .ARM.Collect$$$$00000004  mc_w.l(entry5.o)
    0x08000190   0x00000000   Code   RO         1200    .ARM.Collect$$$$00000008  mc_w.l(entry7b.o)
    0x08000190   0x00000000   Code   RO         1202    .ARM.Collect$$$$0000000A  mc_w.l(entry8b.o)
    0x08000190   0x00000008   Code   RO         1203    .ARM.Collect$$$$0000000B  mc_w.l(entry9a.o)
    0x08000198   0x00000000   Code   RO         1205    .ARM.Collect$$$$0000000D  mc_w.l(entry10a.o)
    0x08000198   0x00000000   Code   RO         1207    .ARM.Collect$$$$0000000F  mc_w.l(entry11a.o)
    0x08000198   0x00000004   Code   RO         1196    .ARM.Collect$$$$00002712  mc_w.l(entry2.o)
    0x0800019c   0x00000420   Code   RO            4    .text               main.o
    0x080005bc   0x00000098   Code   RO          134    .text               stm32f3xx_hal_msp.o
    0x08000654   0x00000020   Code   RO          158    .text               stm32f3xx_it.o
    0x08000674   0x00000118   Code   RO          186    .text               stm32f3xx_hal.o
    0x0800078c   0x000001d8   Code   RO          302    .text               stm32f3xx_hal_cortex.o
    0x08000964   0x00000d1c   Code   RO          402    .text               stm32f3xx_hal_dma.o
    0x08001680   0x00000270   Code   RO          479    .text               stm32f3xx_hal_gpio.o
    0x080018f0   0x00001e68   Code   RO          521    .text               stm32f3xx_hal_i2c.o
    0x08003758   0x00000058   Code   RO          641    .text               stm32f3xx_hal_msp_template.o
    0x080037b0   0x000000fc   Code   RO          737    .text               stm32f3xx_hal_pwr.o
    0x080038ac   0x00000a54   Code   RO          785    .text               stm32f3xx_hal_rcc.o
    0x08004300   0x0000090c   Code   RO          837    .text               stm32f3xx_hal_rtc.o
    0x08004c0c   0x000009cc   Code   RO          862    .text               stm32f3xx_hal_rtc_ex.o
    0x080055d8   0x00001504   Code   RO          958    .text               stm32f3xx_hal_spi.o
    0x08006adc   0x00000e28   Code   RO         1036    .text               stm32f3xx_hal_uart.o
    0x08007904   0x00000438   Code   RO         1120    .text               stm32f3348_discovery.o
    0x08007d3c   0x00000024   Code   RO         1149    .text               startup_stm32f30x.o
    0x08007d60   0x00000168   Code   RO         1156    .text               system_stm32f30x.o
    0x08007ec8   0x00000024   Code   RO         1209    .text               mc_w.l(init.o)
    0x08007eec   0x0000000e   Code   RO         1213    i.__scatterload_copy  mc_w.l(handlers.o)
    0x08007efa   0x00000002   Code   RO         1214    i.__scatterload_null  mc_w.l(handlers.o)
    0x08007efc   0x0000000e   Code   RO         1215    i.__scatterload_zeroinit  mc_w.l(handlers.o)
    0x08007f0a   0x00000200   Data   RO            8    .constdata          main.o
    0x0800810a   0x00000030   Data   RO          786    .constdata          stm32f3xx_hal_rcc.o
    0x0800813a   0x00000014   Data   RO         1122    .constdata          stm32f3348_discovery.o
    0x0800814e   0x00000002   PAD
    0x08008150   0x00000020   Data   RO         1211    Region$$Table       anon$$obj.o


    Execution Region RW_IRAM1 (Base: 0x20000000, Size: 0x00000620, Max: 0x0000c000, ABSOLUTE)

    Base Addr    Size         Type   Attr      Idx    E Section Name        Object

    0x20000000   0x0000008d   Data   RW            9    .data               main.o
    0x2000008d   0x00000003   PAD
    0x20000090   0x00000004   Data   RW          187    .data               stm32f3xx_hal.o
    0x20000094   0x0000002c   Data   RW         1123    .data               stm32f3348_discovery.o
    0x200000c0   0x00000014   Data   RW         1157    .data               system_stm32f30x.o
    0x200000d4   0x000000ae   Zero   RW            7    .bss                main.o
    0x20000182   0x00000002   PAD
    0x20000184   0x00000098   Zero   RW         1121    .bss                stm32f3348_discovery.o
    0x2000021c   0x00000004   PAD
    0x20000220   0x00000400   Zero   RW         1146    STACK               startup_stm32f30x.o


==============================================================================

Image component sizes


      Code (inc. data)   RO Data    RW Data    ZI Data      Debug   Object Name

      1056         34        512        141        174     310819   main.o
        36          8        392          0       1024        840   startup_stm32f30x.o
      1080         46         20         44        152       6031   stm32f3348_discovery.o
       280         18          0          4          0       3865   stm32f3xx_hal.o
       472         10          0          0          0      30938   stm32f3xx_hal_cortex.o
      3356         32          0          0          0       4740   stm32f3xx_hal_dma.o
       624         34          0          0          0       3835   stm32f3xx_hal_gpio.o
      7784         80          0          0          0      19463   stm32f3xx_hal_i2c.o
       152         10          0          0          0       1054   stm32f3xx_hal_msp.o
        88          8          0          0          0       1148   stm32f3xx_hal_msp_template.o
       252         16          0          0          0       2327   stm32f3xx_hal_pwr.o
      2644         64         48          0          0       5776   stm32f3xx_hal_rcc.o
      2316         20          0          0          0       7215   stm32f3xx_hal_rtc.o
      2508         14          0          0          0      11049   stm32f3xx_hal_rtc_ex.o
      5380         70          0          0          0      12289   stm32f3xx_hal_spi.o
      3624         74          0          0          0      12079   stm32f3xx_hal_uart.o
        32          6          0          0          0       1420   stm32f3xx_it.o
       360         38          0         20          0       1891   system_stm32f30x.o

    ----------------------------------------------------------------------
     32044        582       1006        212       1356     436779   Object Totals
         0          0         32          0          0          0   (incl. Generated)
         0          0          2          3          6          0   (incl. Padding)

    ----------------------------------------------------------------------

      Code (inc. data)   RO Data    RW Data    ZI Data      Debug   Library Member Name

         0          0          0          0          0          0   entry.o
         0          0          0          0          0          0   entry10a.o
         0          0          0          0          0          0   entry11a.o
         8          4          0          0          0          0   entry2.o
         4          0          0          0          0          0   entry5.o
         0          0          0          0          0          0   entry7b.o
         0          0          0          0          0          0   entry8b.o
         8          4          0          0          0          0   entry9a.o
        30          0          0          0          0          0   handlers.o
        36          8          0          0          0         68   init.o

    ----------------------------------------------------------------------
        86         16          0          0          0         68   Library Totals
         0          0          0          0          0          0   (incl. Padding)

    ----------------------------------------------------------------------

      Code (inc. data)   RO Data    RW Data    ZI Data      Debug   Library Name

        86         16          0          0          0         68   mc_w.l

    ----------------------------------------------------------------------
        86         16          0          0          0         68   Library Totals

    ----------------------------------------------------------------------

==============================================================================


      Code (inc. data)   RO Data    RW Data    ZI Data      Debug   

     32130        598       1006        212       1356     432151   Grand Totals
     32130        598       1006        212       1356     432151   ELF Image Totals
     32130        598       1006        212          0          0   ROM Totals

==============================================================================

    Total RO  Size (Code + RO Data)                33136 (  32.36kB)
    Total RW  Size (RW Data + ZI Data)              1568 (   1.53kB)
    Total ROM Size (Code + RO Data + RW Data)      33348 (  32.57kB)

==============================================================================

